[    0.000000] Initializing cgroup subsys cpuset
[    0.000000] Initializing cgroup subsys cpu
[    0.000000] Initializing cgroup subsys cpuacct
[    0.000000] Linux version 4.4.0-210-generic (buildd@lgw01-amd64-009) (gcc version 5.4.0 20160609 (Ubuntu 5.4.0-6ubuntu1~16.04.12) ) #242-Ubuntu SMP Fri Apr 16 09:57:56 UTC 2021 (Ubuntu 4.4.0-210.242-generic 4.4.262)
[    0.000000] Command line: BOOT_IMAGE=/boot/vmlinuz-4.4.0-210-generic root=LABEL=cloudimg-rootfs ro console=tty1 console=ttyS0
[    0.000000] KERNEL supported cpus:
[    0.000000]   Intel GenuineIntel
[    0.000000]   AMD AuthenticAMD
[    0.000000]   Centaur CentaurHauls
[    0.000000] [Firmware Bug]: TSC doesn't count with P0 frequency!
[    0.000000] x86/fpu: xstate_offset[2]:  576, xstate_sizes[2]:  256
[    0.000000] x86/fpu: Supporting XSAVE feature 0x01: 'x87 floating point registers'
[    0.000000] x86/fpu: Supporting XSAVE feature 0x02: 'SSE registers'
[    0.000000] x86/fpu: Supporting XSAVE feature 0x04: 'AVX registers'
[    0.000000] x86/fpu: Enabled xstate features 0x7, context size is 832 bytes, using 'standard' format.
[    0.000000] e820: BIOS-provided physical RAM map:
[    0.000000] BIOS-e820: [mem 0x0000000000000000-0x000000000009fbff] usable
[    0.000000] BIOS-e820: [mem 0x000000000009fc00-0x000000000009ffff] reserved
[    0.000000] BIOS-e820: [mem 0x00000000000f0000-0x00000000000fffff] reserved
[    0.000000] BIOS-e820: [mem 0x0000000000100000-0x000000001ffeffff] usable
[    0.000000] BIOS-e820: [mem 0x000000001fff0000-0x000000001fffffff] ACPI data
[    0.000000] BIOS-e820: [mem 0x00000000fec00000-0x00000000fec00fff] reserved
[    0.000000] BIOS-e820: [mem 0x00000000fee00000-0x00000000fee00fff] reserved
[    0.000000] BIOS-e820: [mem 0x00000000fffc0000-0x00000000ffffffff] reserved
[    0.000000] NX (Execute Disable) protection: active
[    0.000000] SMBIOS 2.5 present.
[    0.000000] Hypervisor detected: KVM
[    0.000000] Kernel/User page tables isolation: disabled
[    0.000000] e820: last_pfn = 0x1fff0 max_arch_pfn = 0x400000000
[    0.000000] MTRR: Disabled
[    0.000000] x86/PAT: MTRRs disabled, skipping PAT initialization too.
[    0.000000] CPU MTRRs all blank - virtualized system.
[    0.000000] x86/PAT: Configuration [0-7]: WB  WT  UC- UC  WB  WT  UC- UC  
[    0.000000] found SMP MP-table at [mem 0x0009fff0-0x0009ffff] mapped at [ffff88000009fff0]
[    0.000000] Scanning 1 areas for low memory corruption
[    0.000000] RAMDISK: [mem 0x1e95d000-0x1f7e6fff]
[    0.000000] ACPI: Early table checksum verification disabled
[    0.000000] ACPI: RSDP 0x00000000000E0000 000024 (v02 VBOX  )
[    0.000000] ACPI: XSDT 0x000000001FFF0030 00003C (v01 VBOX   VBOXXSDT 00000001 ASL  00000061)
[    0.000000] ACPI: FACP 0x000000001FFF00F0 0000F4 (v04 VBOX   VBOXFACP 00000001 ASL  00000061)
[    0.000000] ACPI: DSDT 0x000000001FFF0470 002325 (v02 VBOX   VBOXBIOS 00000002 INTL 20100528)
[    0.000000] ACPI: FACS 0x000000001FFF0200 000040
[    0.000000] ACPI: FACS 0x000000001FFF0200 000040
[    0.000000] ACPI: APIC 0x000000001FFF0240 000054 (v02 VBOX   VBOXAPIC 00000001 ASL  00000061)
[    0.000000] ACPI: SSDT 0x000000001FFF02A0 0001CC (v01 VBOX   VBOXCPUT 00000002 INTL 20100528)
[    0.000000] No NUMA configuration found
[    0.000000] Faking a node at [mem 0x0000000000000000-0x000000001ffeffff]
[    0.000000] NODE_DATA(0) allocated [mem 0x1ffeb000-0x1ffeffff]
[    0.000000] kvm-clock: Using msrs 4b564d01 and 4b564d00
[    0.000000] kvm-clock: cpu 0, msr 0:1ffe3001, primary cpu clock
[    0.000000] kvm-clock: using sched offset of 3612879587 cycles
[    0.000000] clocksource: kvm-clock: mask: 0xffffffffffffffff max_cycles: 0x1cd42e4dffb, max_idle_ns: 881590591483 ns
[    0.000000] Zone ranges:
[    0.000000]   DMA      [mem 0x0000000000001000-0x0000000000ffffff]
[    0.000000]   DMA32    [mem 0x0000000001000000-0x000000001ffeffff]
[    0.000000]   Normal   empty
[    0.000000]   Device   empty
[    0.000000] Movable zone start for each node
[    0.000000] Early memory node ranges
[    0.000000]   node   0: [mem 0x0000000000001000-0x000000000009efff]
[    0.000000]   node   0: [mem 0x0000000000100000-0x000000001ffeffff]
[    0.000000] Initmem setup node 0 [mem 0x0000000000001000-0x000000001ffeffff]
[    0.000000] ACPI: PM-Timer IO Port: 0x4008
[    0.000000] IOAPIC[0]: apic_id 1, version 32, address 0xfec00000, GSI 0-23
[    0.000000] ACPI: INT_SRC_OVR (bus 0 bus_irq 0 global_irq 2 dfl dfl)
[    0.000000] ACPI: INT_SRC_OVR (bus 0 bus_irq 9 global_irq 9 low level)
[    0.000000] Using ACPI (MADT) for SMP configuration information
[    0.000000] smpboot: Allowing 1 CPUs, 0 hotplug CPUs
[    0.000000] PM: Registered nosave memory: [mem 0x00000000-0x00000fff]
[    0.000000] PM: Registered nosave memory: [mem 0x0009f000-0x0009ffff]
[    0.000000] PM: Registered nosave memory: [mem 0x000a0000-0x000effff]
[    0.000000] PM: Registered nosave memory: [mem 0x000f0000-0x000fffff]
[    0.000000] e820: [mem 0x20000000-0xfebfffff] available for PCI devices
[    0.000000] Booting paravirtualized kernel on KVM
[    0.000000] clocksource: refined-jiffies: mask: 0xffffffff max_cycles: 0xffffffff, max_idle_ns: 7645519600211568 ns
[    0.000000] setup_percpu: NR_CPUS:512 nr_cpumask_bits:512 nr_cpu_ids:1 nr_node_ids:1
[    0.000000] PERCPU: Embedded 33 pages/cpu @ffff88001fc00000 s95192 r8192 d31784 u2097152
[    0.000000] Built 1 zonelists in Node order, mobility grouping on.  Total pages: 128888
[    0.000000] Policy zone: DMA32
[    0.000000] Kernel command line: BOOT_IMAGE=/boot/vmlinuz-4.4.0-210-generic root=LABEL=cloudimg-rootfs ro console=tty1 console=ttyS0
[    0.000000] PID hash table entries: 2048 (order: 2, 16384 bytes)
[    0.000000] Memory: 481844K/523832K available (8644K kernel code, 1332K rwdata, 4044K rodata, 1492K init, 1164K bss, 41988K reserved, 0K cma-reserved)
[    0.000000] SLUB: HWalign=64, Order=0-3, MinObjects=0, CPUs=1, Nodes=1
[    0.000000] Hierarchical RCU implementation.
[    0.000000] 	Build-time adjustment of leaf fanout to 64.
[    0.000000] 	RCU restricting CPUs from NR_CPUS=512 to nr_cpu_ids=1.
[    0.000000] RCU: Adjusting geometry for rcu_fanout_leaf=64, nr_cpu_ids=1
[    0.000000] NR_IRQS:33024 nr_irqs:256 16
[    0.000000] Console: colour VGA+ 80x25
[    0.000000] console [tty1] enabled
[    0.000000] console [ttyS0] enabled
[    0.000000] tsc: Detected 3194.004 MHz processor
[    0.134489] Calibrating delay loop (skipped) preset value.. 6388.00 BogoMIPS (lpj=12776016)
[    0.136327] pid_max: default: 32768 minimum: 301
[    0.137256] ACPI: Core revision 20150930
[    0.139043] ACPI: 2 ACPI AML tables successfully acquired and loaded
[    0.140181] Security Framework initialized
[    0.140893] Yama: becoming mindful.
[    0.141547] AppArmor: AppArmor initialized
[    0.142378] Dentry cache hash table entries: 65536 (order: 7, 524288 bytes)
[    0.143491] Inode-cache hash table entries: 32768 (order: 6, 262144 bytes)
[    0.144573] Mount-cache hash table entries: 1024 (order: 1, 8192 bytes)
[    0.145582] Mountpoint-cache hash table entries: 1024 (order: 1, 8192 bytes)
[    0.146847] Initializing cgroup subsys io
[    0.147547] Initializing cgroup subsys memory
[    0.148381] Initializing cgroup subsys devices
[    0.149277] Initializing cgroup subsys freezer
[    0.150088] Initializing cgroup subsys net_cls
[    0.151045] Initializing cgroup subsys perf_event
[    0.152115] Initializing cgroup subsys net_prio
[    0.153002] Initializing cgroup subsys hugetlb
[    0.153749] Initializing cgroup subsys pids
[    0.154593] CPU0: Hyper-Threading is disabled
[    0.160726] mce: CPU supports 0 MCE banks
[    0.161429] Last level iTLB entries: 4KB 1024, 2MB 1024, 4MB 512
[    0.162362] Last level dTLB entries: 4KB 1536, 2MB 1536, 4MB 768, 1GB 0
[    0.163464] Spectre V1 : Mitigation: usercopy/swapgs barriers and __user pointer sanitization
[    0.164953] Spectre V2 : Spectre mitigation: LFENCE not serializing, switching to generic retpoline
[    0.166476] Spectre V2 : Mitigation: Full generic retpoline
[    0.167359] Spectre V2 : Spectre v2 / SpectreRSB mitigation: Filling RSB on context switch
[    0.168773] Speculative Store Bypass: Mitigation: Speculative Store Bypass disabled via prctl and seccomp
[    0.185831] Freeing SMP alternatives memory: 36K
[    0.192513] ftrace: allocating 32380 entries in 127 pages
[    0.259764] smpboot: APIC(0) Converting physical 0 to logical package 0
[    0.260855] smpboot: Max logical packages: 1
[    0.261816] x2apic enabled
[    0.262575] Switched APIC routing to physical x2apic.
[    0.264421] ..TIMER: vector=0x30 apic1=0 pin1=2 apic2=-1 pin2=-1
[    0.373465] smpboot: CPU0: AMD Ryzen 5 1600 Six-Core Processor (family: 0x17, model: 0x8, stepping: 0x2)
[    0.375253] Performance Events: Broken PMU hardware detected, using software events only.
[    0.376682] Failed to access perfctr msr (MSR c0010007 is 0)
[    0.384023] KVM setup paravirtual spinlock
[    0.385320] x86: Booted up 1 node, 1 CPUs
[    0.386032] smpboot: Total of 1 processors activated (6388.00 BogoMIPS)
[    0.387368] devtmpfs: initialized
[    0.389536] evm: security.selinux
[    0.390154] evm: security.SMACK64
[    0.390773] evm: security.SMACK64EXEC
[    0.391441] evm: security.SMACK64TRANSMUTE
[    0.392178] evm: security.SMACK64MMAP
[    0.392831] evm: security.ima
[    0.393431] evm: security.capability
[    0.394403] clocksource: jiffies: mask: 0xffffffff max_cycles: 0xffffffff, max_idle_ns: 7645041785100000 ns
[    0.396409] futex hash table entries: 256 (order: 2, 16384 bytes)
[    0.397608] pinctrl core: initialized pinctrl subsystem
[    0.398575] RTC time: 17:52:53, date: 08/24/21
[    0.399688] NET: Registered protocol family 16
[    0.400872] cpuidle: using governor ladder
[    0.401821] cpuidle: using governor menu
[    0.402742] PCCT header not found.
[    0.403796] ACPI: bus type PCI registered
[    0.404651] acpiphp: ACPI Hot Plug PCI Controller Driver version: 0.5
[    0.406019] PCI: Using configuration type 1 for base access
[    0.406947] PCI: Using configuration type 1 for extended access
[    0.408760] ACPI: Added _OSI(Module Device)
[    0.409528] ACPI: Added _OSI(Processor Device)
[    0.410333] ACPI: Added _OSI(3.0 _SCP Extensions)
[    0.411125] ACPI: Added _OSI(Processor Aggregator Device)
[    0.412449] ACPI: Executed 1 blocks of module-level executable AML code
[    0.415193] ACPI: Interpreter enabled
[    0.415864] ACPI: (supports S0 S5)
[    0.416481] ACPI: Using IOAPIC for interrupt routing
[    0.417405] PCI: Using host bridge windows from ACPI; if necessary, use "pci=nocrs" and report a bug
[    0.421770] ACPI: PCI Root Bridge [PCI0] (domain 0000 [bus 00-ff])
[    0.422718] acpi PNP0A03:00: _OSC: OS supports [ExtendedConfig ASPM ClockPM Segments MSI]
[    0.424602] acpi PNP0A03:00: _OSC: platform does not support [PCIeCapability]
[    0.425918] acpi PNP0A03:00: _OSC: not requesting control; platform does not support [PCIeCapability]
[    0.427463] acpi PNP0A03:00: _OSC: OS requested [PCIeHotplug PME AER PCIeCapability]
[    0.428764] acpi PNP0A03:00: _OSC: platform willing to grant [PCIeHotplug PME AER]
[    0.430102] acpi PNP0A03:00: _OSC failed (AE_SUPPORT); disabling ASPM
[    0.431366] PCI host bridge to bus 0000:00
[    0.432075] pci_bus 0000:00: root bus resource [io  0x0000-0x0cf7 window]
[    0.433137] pci_bus 0000:00: root bus resource [io  0x0d00-0xffff window]
[    0.441516] pci_bus 0000:00: root bus resource [mem 0x000a0000-0x000bffff window]
[    0.442815] pci_bus 0000:00: root bus resource [mem 0x20000000-0xfdffffff window]
[    0.444085] pci_bus 0000:00: root bus resource [bus 00-ff]
[    0.446549] pci 0000:00:01.1: legacy IDE quirk: reg 0x10: [io  0x01f0-0x01f7]
[    0.447639] pci 0000:00:01.1: legacy IDE quirk: reg 0x14: [io  0x03f6]
[    0.448850] pci 0000:00:01.1: legacy IDE quirk: reg 0x18: [io  0x0170-0x0177]
[    0.449909] pci 0000:00:01.1: legacy IDE quirk: reg 0x1c: [io  0x0376]
[    0.456214] pci 0000:00:07.0: quirk: [io  0x4000-0x403f] claimed by PIIX4 ACPI
[    0.457450] pci 0000:00:07.0: quirk: [io  0x4100-0x410f] claimed by PIIX4 SMB
[    0.460558] ACPI: PCI Interrupt Link [LNKA] (IRQs 5 9 10 *11)
[    0.461983] ACPI: PCI Interrupt Link [LNKB] (IRQs 5 9 *10 11)
[    0.463435] ACPI: PCI Interrupt Link [LNKC] (IRQs 5 *9 10 11)
[    0.464981] ACPI: PCI Interrupt Link [LNKD] (IRQs 5 9 10 *11)
[    0.466380] ACPI: Enabled 2 GPEs in block 00 to 07
[    0.467401] vgaarb: setting as boot device: PCI:0000:00:02.0
[    0.468321] vgaarb: device added: PCI:0000:00:02.0,decodes=io+mem,owns=io+mem,locks=none
[    0.469704] vgaarb: loaded
[    0.470262] vgaarb: bridge control possible 0000:00:02.0
[    0.471317] SCSI subsystem initialized
[    0.472017] ACPI: bus type USB registered
[    0.472776] usbcore: registered new interface driver usbfs
[    0.473718] usbcore: registered new interface driver hub
[    0.474662] usbcore: registered new device driver usb
[    0.475632] PCI: Using ACPI for IRQ routing
[    0.476607] NetLabel: Initializing
[    0.477249] NetLabel:  domain hash size = 128
[    0.478049] NetLabel:  protocols = UNLABELED CIPSOv4
[    0.478882] NetLabel:  unlabeled traffic allowed by default
[    0.479832] amd_nb: Cannot enumerate AMD northbridges
[    0.480695] clocksource: Switched to clocksource kvm-clock
[    0.492885] AppArmor: AppArmor Filesystem Enabled
[    0.493782] pnp: PnP ACPI init
[    0.495041] pnp: PnP ACPI: found 3 devices
[    0.507447] clocksource: acpi_pm: mask: 0xffffff max_cycles: 0xffffff, max_idle_ns: 2085701024 ns
[    0.509020] NET: Registered protocol family 2
[    0.509913] TCP established hash table entries: 4096 (order: 3, 32768 bytes)
[    0.511016] TCP bind hash table entries: 4096 (order: 4, 65536 bytes)
[    0.512050] TCP: Hash tables configured (established 4096 bind 4096)
[    0.513123] UDP hash table entries: 256 (order: 1, 8192 bytes)
[    0.514344] UDP-Lite hash table entries: 256 (order: 1, 8192 bytes)
[    0.515616] NET: Registered protocol family 1
[    0.516651] pci 0000:00:00.0: Limiting direct PCI/PCI transfers
[    0.517909] pci 0000:00:01.0: Activating ISA DMA hang workarounds
[    0.519289] Unpacking initramfs...
[    0.907906] Freeing initrd memory: 14888K
[    0.908751] clocksource: tsc: mask: 0xffffffffffffffff max_cycles: 0x2e0a29fc2e1, max_idle_ns: 440795273480 ns
[    0.910535] platform rtc_cmos: registered platform RTC device (no PNP device found)
[    0.911963] Scanning for low memory corruption every 60 seconds
[    0.913141] audit: initializing netlink subsys (disabled)
[    0.914051] audit: type=2000 audit(1629827578.894:1): initialized
[    0.915241] Initialise system trusted keyring
[    0.916078] HugeTLB registered 2 MB page size, pre-allocated 0 pages
[    0.918052] zbud: loaded
[    0.918942] VFS: Disk quotas dquot_6.6.0
[    0.919681] VFS: Dquot-cache hash table entries: 512 (order 0, 4096 bytes)
[    0.920981] squashfs: version 4.0 (2009/01/31) Phillip Lougher
[    0.922154] fuse init (API version 7.23)
[    0.922960] Key type big_key registered
[    0.923671] Allocating IMA MOK and blacklist keyrings.
[    0.924721] Key type asymmetric registered
[    0.925466] Asymmetric key parser 'x509' registered
[    0.926395] Block layer SCSI generic (bsg) driver version 0.4 loaded (major 249)
[    0.927731] io scheduler noop registered
[    0.928420] io scheduler deadline registered (default)
[    0.929311] io scheduler cfq registered
[    0.930064] pci_hotplug: PCI Hot Plug PCI Core version: 0.5
[    0.930972] pciehp: PCI Express Hot Plug Controller Driver version: 0.4
[    0.932074] ACPI: AC Adapter [AC] (on-line)
[    0.932850] input: Power Button as /devices/LNXSYSTM:00/LNXPWRBN:00/input/input0
[    0.934374] ACPI: Power Button [PWRF]
[    0.935093] input: Sleep Button as /devices/LNXSYSTM:00/LNXSLPBN:00/input/input1
[    0.936389] ACPI: Sleep Button [SLPF]
[    0.937173] GHES: HEST is not enabled!
[    0.937948] Serial: 8250/16550 driver, 32 ports, IRQ sharing enabled
[    0.959490] 00:02: ttyS0 at I/O 0x3f8 (irq = 4, base_baud = 115200) is a 16550A
[    0.961616] Linux agpgart interface v0.103
[    0.963151] loop: module loaded
[    0.964252] scsi host0: ata_piix
[    0.964945] scsi host1: ata_piix
[    0.965582] ata1: PATA max UDMA/33 cmd 0x1f0 ctl 0x3f6 bmdma 0xd000 irq 14
[    0.966673] ata2: PATA max UDMA/33 cmd 0x170 ctl 0x376 bmdma 0xd008 irq 15
[    0.968301] libphy: Fixed MDIO Bus: probed
[    0.969068] tun: Universal TUN/TAP device driver, 1.6
[    0.970123] tun: (C) 1999-2004 Max Krasnyansky <maxk@qualcomm.com>
[    0.971356] PPP generic driver version 2.4.2
[    0.972144] ehci_hcd: USB 2.0 'Enhanced' Host Controller (EHCI) Driver
[    0.973199] ehci-pci: EHCI PCI platform driver
[    0.973973] ehci-platform: EHCI generic platform driver
[    0.974906] ohci_hcd: USB 1.1 'Open' Host Controller (OHCI) Driver
[    0.976248] ohci-pci: OHCI PCI platform driver
[    0.977264] ohci-platform: OHCI generic platform driver
[    0.978402] uhci_hcd: USB Universal Host Controller Interface driver
[    0.979870] i8042: PNP: PS/2 Controller [PNP0303:PS2K,PNP0f03:PS2M] at 0x60,0x64 irq 1,12
[    0.981987] serio: i8042 KBD port at 0x60,0x64 irq 1
[    0.983118] serio: i8042 AUX port at 0x60,0x64 irq 12
[    0.984127] mousedev: PS/2 mouse device common for all mice
[    0.985274] input: AT Translated Set 2 keyboard as /devices/platform/i8042/serio0/input/input2
[    0.987002] rtc_cmos rtc_cmos: rtc core: registered rtc_cmos as rtc0
[    0.988025] rtc_cmos rtc_cmos: alarms up to one day, 114 bytes nvram
[    0.989010] i2c /dev entries driver
[    0.989709] device-mapper: uevent: version 1.0.3
[    0.990531] device-mapper: ioctl: 4.34.0-ioctl (2015-10-28) initialised: dm-devel@redhat.com
[    0.991936] ledtrig-cpu: registered to indicate activity on CPUs
[    0.993370] NET: Registered protocol family 10
[    0.994530] NET: Registered protocol family 17
[    0.995325] Key type dns_resolver registered
[    0.996233] registered taskstats version 1
[    0.996988] Loading compiled-in X.509 certificates
[    0.998280] Loaded X.509 cert 'Build time autogenerated kernel key: cf00e047681d67edb2720680708b7d9498083038'
[    0.999913] zswap: loaded using pool lzo/zbud
[    1.001704] Key type trusted registered
[    1.004129] Key type encrypted registered
[    1.004857] AppArmor: AppArmor sha1 policy hashing enabled
[    1.005805] ima: No TPM chip found, activating TPM-bypass!
[    1.006717] ima: Allocated hash algorithm: sha1
[    1.007490] evm: HMAC attrs: 0x1
[    1.008489]   Magic number: 1:958:896
[    1.009417] rtc_cmos rtc_cmos: setting system clock to 2021-08-24 17:52:53 UTC (1629827573)
[    1.011296] BIOS EDD facility v0.16 2004-Jun-25, 0 devices found
[    1.012591] EDD information not available.
[    1.145982] Freeing unused kernel memory: 1492K
[    1.146813] Write protecting the kernel read-only data: 14336k
[    1.148038] Freeing unused kernel memory: 1584K
[    1.148939] Freeing unused kernel memory: 52K
Loading, please wait...
starting version 229
[    1.157713] random: udevadm: uninitialized urandom read (16 bytes read, 3 bits of entropy available)
[    1.159317] random: udevadm: uninitialized urandom read (16 bytes read, 3 bits of entropy available)
[    1.161565] random: systemd-udevd: uninitialized urandom read (16 bytes read, 3 bits of entropy available)
[    1.163258] random: systemd-udevd: uninitialized urandom read (16 bytes read, 3 bits of entropy available)
[    1.164870] random: systemd-udevd: uninitialized urandom read (16 bytes read, 3 bits of entropy available)
[    1.166542] random: systemd-udevd: uninitialized urandom read (16 bytes read, 3 bits of entropy available)
[    1.183921] random: systemd-udevd: uninitialized urandom read (16 bytes read, 3 bits of entropy available)
[    1.185932] random: systemd-udevd: uninitialized urandom read (16 bytes read, 3 bits of entropy available)
[    1.187921] random: systemd-udevd: uninitialized urandom read (16 bytes read, 3 bits of entropy available)
[    1.191876] random: systemd-udevd: uninitialized urandom read (16 bytes read, 3 bits of entropy available)
[    1.242873] e1000: Intel(R) PRO/1000 Network Driver - version 7.3.21-k8-NAPI
[    1.244070] e1000: Copyright (c) 1999-2006 Intel Corporation.
[    1.247253] Fusion MPT base driver 3.04.20
[    1.247973] Copyright (c) 1999-2008 LSI Corporation
[    1.252164] Fusion MPT SPI Host driver 3.04.20
[    1.278609] AVX2 version of gcm_enc/dec engaged.
[    1.279714] AES CTR mode by8 optimization enabled
[    1.458397] input: ImExPS/2 Generic Explorer Mouse as /devices/platform/i8042/serio1/input/input4
[    1.612417] e1000 0000:00:03.0 eth0: (PCI:33MHz:32-bit) 02:a0:46:b5:71:eb
[    1.613904] e1000 0000:00:03.0 eth0: Intel(R) PRO/1000 Network Connection
[    1.616328] e1000 0000:00:03.0 enp0s3: renamed from eth0
[    1.618043] mptbase: ioc0: Initiating bringup
[    1.681430] ioc0: LSI53C1030 A0: Capabilities={Initiator}
[    1.841989] scsi host2: ioc0: LSI53C1030 A0, FwRev=00000000h, Ports=1, MaxQ=256, IRQ=20
[    1.953448] scsi 2:0:0:0: Direct-Access     VBOX     HARDDISK         1.0  PQ: 0 ANSI: 5
[    1.954899] scsi target2:0:0: Beginning Domain Validation
[    1.956335] scsi target2:0:0: Domain Validation skipping write tests
[    1.964861] scsi target2:0:0: Ending Domain Validation
[    1.965804] scsi target2:0:0: asynchronous
[    1.966737] scsi 2:0:1:0: Direct-Access     VBOX     HARDDISK         1.0  PQ: 0 ANSI: 5
[    1.968147] scsi target2:0:1: Beginning Domain Validation
[    1.969859] scsi target2:0:1: Domain Validation skipping write tests
[    1.971228] scsi target2:0:1: Ending Domain Validation
[    1.972370] scsi target2:0:1: asynchronous
[    1.975983] sd 2:0:0:0: Attached scsi generic sg0 type 0
[    1.976876] sd 2:0:0:0: [sda] 83886080 512-byte logical blocks: (42.9 GB/40.0 GiB)
[    1.978633] sd 2:0:1:0: [sdb] 20480 512-byte logical blocks: (10.5 MB/10.0 MiB)
[    1.980018] sd 2:0:1:0: Attached scsi generic sg1 type 0
[    1.981031] sd 2:0:1:0: [sdb] Write Protect is off
[    1.981965] sd 2:0:0:0: [sda] Write Protect is off
[    1.982845] sd 2:0:0:0: [sda] Incomplete mode parameter data
[    1.983744] sd 2:0:0:0: [sda] Assuming drive cache: write through
[    1.984759] sd 2:0:1:0: [sdb] Incomplete mode parameter data
[    1.985737] sd 2:0:1:0: [sdb] Assuming drive cache: write through
[    1.990946]  sda: sda1
[    1.991948] sd 2:0:0:0: [sda] Attached SCSI disk
[    1.993216] sd 2:0:1:0: [sdb] Attached SCSI disk
Begin: Loading essential drivers ... [    3.265119] md: linear personality registered for level -1
[    3.267949] md: multipath personality registered for level -4
[    3.270809] md: raid0 personality registered for level 0
[    3.274220] md: raid1 personality registered for level 1
[    3.345370] raid6: sse2x1   gen()  7515 MB/s
[    3.412793] raid6: sse2x1   xor()  7013 MB/s
[    3.481197] raid6: sse2x2   gen() 14943 MB/s
[    3.549590] raid6: sse2x2   xor()  9661 MB/s
[    3.617140] raid6: sse2x4   gen() 15216 MB/s
[    3.685157] raid6: sse2x4   xor()  8736 MB/s
[    3.752972] raid6: avx2x1   gen() 16666 MB/s
[    3.821188] raid6: avx2x2   gen() 22215 MB/s
[    3.889123] raid6: avx2x4   gen() 22451 MB/s
[    3.889913] raid6: using algorithm avx2x4 gen() 22451 MB/s
[    3.890801] raid6: using avx2x2 recovery algorithm
[    3.893077] xor: automatically using best checksumming function:
[    3.932972]    avx       : 11178.000 MB/sec
[    3.935137] async_tx: api initialized (async)
[    3.944381] md: raid6 personality registered for level 6
[    3.945339] md: raid5 personality registered for level 5
[    3.946226] md: raid4 personality registered for level 4
[    3.951366] md: raid10 personality registered for level 10
done.
Begin: Running /scripts/init-premount ... done.
Begin: Mounting root file system ... Begin: Running /scripts/local-top ... done.
Begin: Running /scripts/local-premount ... [    3.978517] Btrfs loaded
Scanning for Btrfs filesystems
done.
Warning: fsck not present, so skipping root file system
[    4.004029] EXT4-fs (sda1): mounted filesystem with ordered data mode. Opts: (null)
done.
Begin: Running /scripts/local-bottom ... done.
Begin: Running /scripts/init-bottom ... done.
[    4.106324] systemd[1]: systemd 229 running in system mode. (+PAM +AUDIT +SELINUX +IMA +APPARMOR +SMACK +SYSVINIT +UTMP +LIBCRYPTSETUP +GCRYPT +GNUTLS +ACL +XZ -LZ4 +SECCOMP +BLKID +ELFUTILS +KMOD -IDN)
[    4.109162] systemd[1]: Detected virtualization oracle.
[    4.110076] systemd[1]: Detected architecture x86-64.

Welcome to [1mUbuntu 16.04.7 LTS[0m!

[    4.113857] systemd[1]: Set hostname to <ubuntu>.
[    4.118021] systemd[1]: Initializing machine ID from random generator.
[    4.119082] systemd[1]: Installed transient /etc/machine-id file.
[    4.225063] systemd[1]: Listening on Device-mapper event daemon FIFOs.
[[0;32m  OK  [0m] Listening on Device-mapper event daemon FIFOs.
[    4.227078] systemd[1]: Reached target Encrypted Volumes.
[[0;32m  OK  [0m] Reached target Encrypted Volumes.
[    4.229133] systemd[1]: Set up automount Arbitrary Executable File Formats File System Automount Point.
[[0;32m  OK  [0m] Set up automount Arbitrary Executab...ats File System Automount Point.
[    4.231845] systemd[1]: Reached target Swap.
[[0;32m  OK  [0m] Reached target Swap.
[    4.233296] systemd[1]: Listening on Journal Socket (/dev/log).
[[0;32m  OK  [0m] Listening on Journal Socket (/dev/log).
[    4.235067] systemd[1]: Reached target User and Group Name Lookups.
[[0;32m  OK  [0m] Reached target User and Group Name Lookups.
[    4.236926] systemd[1]: Listening on Syslog Socket.
[[0;32m  OK  [0m] Listening on Syslog Socket.
[    4.238867] systemd[1]: Listening on LVM2 poll daemon socket.
[[0;32m  OK  [0m] Listening on LVM2 poll daemon socket.
[    4.240603] systemd[1]: Listening on udev Control Socket.
[[0;32m  OK  [0m] Listening on udev Control Socket.
[    4.242295] systemd[1]: Listening on fsck to fsckd communication Socket.
[[0;32m  OK  [0m] Listening on fsck to fsckd communication Socket.
[    4.244415] systemd[1]: Created slice User and Session Slice.
[[0;32m  OK  [0m] Created slice User and Session Slice.
[    4.246181] systemd[1]: Listening on udev Kernel Socket.
[[0;32m  OK  [0m] Listening on udev Kernel Socket.
[    4.247827] systemd[1]: Listening on LVM2 metadata daemon socket.
[[0;32m  OK  [0m] Listening on LVM2 metadata daemon socket.
[    4.249684] systemd[1]: Listening on Journal Audit Socket.
[[0;32m  OK  [0m] Listening on Journal Audit Socket.
[    4.251393] systemd[1]: Started Trigger resolvconf update for networkd DNS.
[[0;32m  OK  [0m] Started Trigger resolvconf update for networkd DNS.
[    4.253403] systemd[1]: Listening on Journal Socket.
[[0;32m  OK  [0m] Listening on Journal Socket.
[    4.255194] systemd[1]: Created slice System Slice.
[[0;32m  OK  [0m] Created slice System Slice.
[    4.257214] systemd[1]: Starting Journal Service...
         Starting Journal Service...
[    4.259946] systemd[1]: Mounting POSIX Message Queue File System...
         Mounting POSIX Message Queue File System...
[    4.262369] systemd[1]: Mounting Huge Pages File System...
         Mounting Huge Pages File System...
[    4.265379] systemd[1]: Starting Monitoring of LVM2 mirrors, snapshots etc. using dmeventd or progress polling...
         Starting Monitoring of LVM2 mirrors... dmeventd or progress polling...
[    4.271800] systemd[1]: Created slice system-serial\x2dgetty.slice.
[[0;32m  OK  [0m] Created slice system-serial\x2dgetty.slice.
[    4.276449] systemd[1]: Starting Create list of required static device nodes for the current kernel...
         Starting Create list of required st... nodes for the current kernel...
[    4.287837] systemd[1]: Starting Load Kernel Modules...
         Starting Load Kernel Modules...
[    4.290344] systemd[1]: Mounting Debug File System...
         Mounting Debug File System...
[    4.294717] systemd[1]: Starting Set console keymap...
         Starting Set console keymap...
[    4.296610] systemd[1]: Starting File System Check on Root Device...
         Starting File System Check on Root Device...
[    4.304267] systemd[1]: Starting Nameserver information manager...
[    4.308539] Loading iSCSI transport class v2.0-870.
         Starting Nameserver information manager...
[    4.311475] systemd[1]: Starting Uncomplicated firewall...
         Starting Uncomplicated firewall...
[    4.314240] systemd[1]: Reached target Slices.
[[0;32m  OK  [0m] Reached target Slices.
[    4.320866] systemd[1]: Reached target System Time Synchronized.
[[0;32m  OK  [0m] Reached target System Time Synchronized.
[    4.323324] systemd[1]: Started Forward Password Requests to Wall Directory Watch.
[[0;32m  OK  [0m] Started Forward Password Requests to Wall Directory Watch.
[    4.329279] systemd[1]: Listening on /dev/initctl Compatibility Named Pipe.
[[0;32m  OK  [0m] Listening on /dev/initctl Compatibility Named Pipe.
[    4.335560] systemd[1]: Mounted POSIX Message Queue File System.
[[0;32m  OK  [0m] Mounted POSIX Message Queue File System.
[    4.337434] systemd[1]: Mounted Huge Pages File System.
[[0;32m  OK  [0m] Mounted Huge Pages File System.
[    4.340844] iscsi: registered transport (tcp)
[    4.341723] systemd[1]: Mounted Debug File System.
[[0;32m  OK  [0m] Mounted Debug File System.
[    4.344049] systemd[1]: Started Journal Service.
[[0;32m  OK  [0m] Started Journal Service.
[[0;32m  OK  [0m] Started Create list of required sta...ce nodes for the current kernel.
[[0;32m  OK  [0m] Started File System Check on Root Device.
[[0;32m  OK  [0m] Started Uncomplicated firewall.
[[0;32m  OK  [0m] Started Nameserver information manager.
[[0;32m  OK  [0m] Started LVM2 metadata daemon.
[[0;32m  OK  [0m] Started File System Check Daemon to report status.
         Starting Remount Root and Kernel File Systems...
         Starting Create Static Device Nodes in /dev...
[    4.395581] EXT4-fs (sda1): re-mounted. Opts: (null)
[[0;32m  OK  [0m] Started Remount Root and Kernel File Systems.
         Starting udev Coldplug all Devices...
         Starting Load/Save Random Seed...
         Starting Flush Journal to Persistent Storage...
[[0;32m  OK  [0m] Started Load/Save Random Seed.
[    4.444277] systemd-journald[366]: Received request to flush runtime journal from PID 1
[    4.749520] random: nonblocking pool is initialized
[[0;32m  OK  [0m] Started Create Static Device Nodes in /dev.
         Starting udev Kernel Device Manager...
[[0;32m  OK  [0m] Started Monitoring of LVM2 mirrors,...ng dmeventd or progress polling.
[    4.790244] iscsi: registered transport (iser)
[[0;32m  OK  [0m] Started Load Kernel Modules.
         Mounting FUSE Control File System...
         Starting Apply Kernel Variables...
[[0;32m  OK  [0m] Mounted FUSE Control File System.
[[0;32m  OK  [0m] Started Set console keymap.
[[0;32m  OK  [0m] Reached target Local File Systems (Pre).
[[0;32m  OK  [0m] Reached target Local File Systems.
         Starting LSB: AppArmor initialization...
         Starting Tell Plymouth To Write Out Runtime Data...
         Starting Commit a transient machine-id on disk...
         Starting Initial cloud-init job (pre-networking)...
         Starting Set console font and keymap...
[[0;32m  OK  [0m] Started udev Kernel Device Manager.
[[0;32m  OK  [0m] Started Apply Kernel Variables.
[[0;32m  OK  [0m] Started Commit a transient machine-id on disk.
[[0;32m  OK  [0m] Started Tell Plymouth To Write Out Runtime Data.
[[0;32m  OK  [0m] Started udev Coldplug all Devices.
[[0;32m  OK  [0m] Started Dispatch Password Requests to Console Directory Watch.
[[0;32m  OK  [0m] Found device /dev/ttyS0.
[[0;32m  OK  [0m] Listening on Load/Save RF Kill Switch Status /dev/rfkill Watch.
[[0;32m  OK  [0m] Started Flush Journal to Persistent Storage.
[[0;32m  OK  [0m] Started Set console font and keymap.
[[0;32m  OK  [0m] Created slice system-getty.slice.
         Starting Create Volatile Files and Directories...
[[0;32m  OK  [0m] Started Create Volatile Files and Directories.
         Starting Update UTMP about System Boot/Shutdown...
[    6.406439] cloud-init[498]: Cloud-init v. 21.1-19-gbad84ad4-0ubuntu1~16.04.2 running 'init-local' at Tue, 24 Aug 2021 17:52:58 +0000. Up 5.90 seconds.
[[0;32m  OK  [0m] Started Update UTMP about System Boot/Shutdown.
[[0;32m  OK  [0m] Started Initial cloud-init job (pre-networking).
[[0;32m  OK  [0m] Reached target Network (Pre).
[[0;32m  OK  [0m] Started LSB: AppArmor initialization.
         Starting Load AppArmor profiles managed internally by snapd...
         Starting Raise network interfaces...
[[0;32m  OK  [0m] Started Load AppArmor profiles managed internally by snapd.
[[0;32m  OK  [0m] Started Raise network interfaces.
[[0;32m  OK  [0m] Reached target Network.
         Starting Initial cloud-init job (metadata service crawler)...
[    7.989860] cloud-init[955]: Cloud-init v. 21.1-19-gbad84ad4-0ubuntu1~16.04.2 running 'init' at Tue, 24 Aug 2021 17:52:59 +0000. Up 7.28 seconds.
[    7.991424] cloud-init[955]: ci-info: ++++++++++++++++++++++++++++++++++++++Net device info++++++++++++++++++++++++++++++++++++++
[    7.996989] cloud-init[955]: ci-info: +--------+------+----------------------------+---------------+--------+-------------------+
[    7.998433] cloud-init[955]: ci-info: | Device |  Up  |          Address           |      Mask     | Scope  |     Hw-Address    |
[    7.999943] cloud-init[955]: ci-info: +--------+------+----------------------------+---------------+--------+-------------------+
[    8.004810] cloud-init[955]: ci-info: | enp0s3 | True |         10.0.2.15          | 255.255.255.0 | global | 02:a0:46:b5:71:eb |
[    8.006245] cloud-init[955]: ci-info: | enp0s3 | True | fe80::a0:46ff:feb5:71eb/64 |       .       |  link  | 02:a0:46:b5:71:eb |
[    8.008638] cloud-init[955]: ci-info: |   lo   | True |         127.0.0.1          |   255.0.0.0   |  host  |         .         |
[    8.012604] cloud-init[955]: ci-info: |   lo   | True |          ::1/128           |       .       |  host  |         .         |
[    8.014073] cloud-init[955]: ci-info: +--------+------+----------------------------+---------------+--------+-------------------+
[    8.020443] cloud-init[955]: ci-info: +++++++++++++++++++++++++++Route IPv4 info++++++++++++++++++++++++++++
[    8.021963] cloud-init[955]: ci-info: +-------+-------------+----------+---------------+-----------+-------+
[    8.023455] cloud-init[955]: ci-info: | Route | Destination | Gateway  |    Genmask    | Interface | Flags |
[    8.028442] cloud-init[955]: ci-info: +-------+-------------+----------+---------------+-----------+-------+
[    8.029751] cloud-init[955]: ci-info: |   0   |   0.0.0.0   | 10.0.2.2 |    0.0.0.0    |   enp0s3  |   UG  |
[    8.033089] cloud-init[955]: ci-info: |   1   |   10.0.2.0  | 0.0.0.0  | 255.255.255.0 |   enp0s3  |   U   |
[    8.037144] cloud-init[955]: ci-info: +-------+-------------+----------+---------------+-----------+-------+
[    8.038646] cloud-init[955]: ci-info: +++++++++++++++++++Route IPv6 info+++++++++++++++++++
[    8.039994] cloud-init[955]: ci-info: +-------+-------------+---------+-----------+-------+
[    8.044859] cloud-init[955]: ci-info: | Route | Destination | Gateway | Interface | Flags |
[    8.046222] cloud-init[955]: ci-info: +-------+-------------+---------+-----------+-------+
[    8.048718] cloud-init[955]: ci-info: |   0   |  fe80::/64  |    ::   |   enp0s3  |   U   |
[    8.049883] cloud-init[955]: ci-info: |   3   |   ff00::/8  |    ::   |   enp0s3  |   U   |
[    8.052742] cloud-init[955]: ci-info: +-------+-------------+---------+-----------+-------+
[    8.056608] cloud-init[955]: Generating public/private rsa key pair.
[    8.057611] cloud-init[955]: Your identification has been saved in /etc/ssh/ssh_host_rsa_key.
[    8.059410] cloud-init[955]: Your public key has been saved in /etc/ssh/ssh_host_rsa_key.pub.[[0;32m  OK  [0m] Started Initial cloud-init job (metadata service crawler).
[[0;32m  OK  [0m] Reached target Cloud-config availability.
[[0;32m  OK  [0m] Reached target Network is Online.
         
[    8.064167] cloud-init[955]: The key fingerprint is:
[    8.065046] cloud-init[955]: SHA256:Su+cWaaERVzM6fG3vGlbYen25+2LpXgYHQK4NzC6EA8 root@ubuntu-xenial
[    8.066254] cloud-init[955]: The key's randomart image is:
[    8.067056] cloud-init[955]: +---[RSA 2048]----+
[    8.067713] cloud-init[955]: Starting iSCSI initiator daemon (iscsid)...
[[0;32m  OK  [0m] Reached target System Initialization.
[[0;32m  OK  [0m] Started Daily apt download activities.
         Starting LXD - unix socket.
[[0;32m  OK  [0m] Started Daily apt upgrade and clean activities.
         Starting Socket activation for snappy daemon.
|        .o..     |
[    8.074568] cloud-init[955]: [[0;32m  OK  [0m] Started ACPI Events Check.
[[0;32m  OK  [0m] Reached target Paths.
[[0;32m  OK  [0m] Started Daily Cleanup of Temporary Directories.
[[0;32m  OK  [0m] Listening on ACPID Listen Socket.
[[0;32m  OK  [0m] Listening on D-Bus System Message Bus Socket.|   E   = o=      |
[    8.081521] cloud-init[955]: |    + . *..o     |
[    8.082635] cloud-init[955]: |   . o o o..... .|
[    8.084043] 
[[0;32m  OK  [0m] Listening on UUID daemon activation socket.
[[0;32m  OK  [0m] Started Ubuntu Advantage update messaging.
[[0;32m  OK  [0m] Started Message of the Day.
[[0;32m  OK  [0m] Reached target Timers.
cloud-init[955]: |    . o S . oo.= |
[    8.087779] cloud-init[955]: |     o =   . .= .|
[    8.089339] cloud-init[955]: |      o o o o  *.|
[    8.090109] cloud-init[955]: |       + * ...O.+|
[[0;32m  OK  [0m] Listening on LXD - unix socket.
[    8.091993] cloud-init[955]: |        *  ..+.=B|
[    8.092806] cloud-init[955]: +----[SHA256]-----+
[[0;32m  OK  [0m] Listening on Socket activation for snappy daemon.
[    8.094549] cloud-init[955]: Generating public/private dsa key pair.
[[0;32m  OK  [0m] Reached target Sockets.
[    8.096760] cloud-init[955]: Your identification has been saved in /etc/ssh/ssh_host_dsa_key.[[0;32m  OK  [0m] Reached target Basic System.
         Starting LSB: Record successful boot for GRUB...
         
[    8.100630] cloud-init[955]: Your public key has been saved in /etc/ssh/ssh_host_dsa_key.pub.
[    8.102479] cloud-init[955]: The key fingerprint is:
[    8.103343] cloud-init[955]: SHA256:5UlNbqwdMmpD5kL6Eogs/lhusofztLrIvGyeL1BOh5Q root@ubuntu-xenialStarting LSB: MD monitoring daemon...
[[0;32m  OK  [0m] Started Deferred execution scheduler.
         Starting Pollinate to seed the pseudo random number generator...
         Starting Virtualbox guest utils...
         Starting Snap Daemon...
[[0;32m  OK  [0m] Started ACPI event daemon.
         Starting Login Service...
[[0;32m  OK  [0m] Started Regular background program processing daemon.
         Starting System Logging Service...
[[0;32m  OK  [0m] Started D-Bus System Message Bus.

[    8.139284] cloud-init[955]: The key's randomart image is:
[    8.144778] cloud-init[955]: +---[DSA 1024]----+
[    8.145700] cloud-init[955]: |   .        .    |
[    8.146665] cloud-init[955]: |  E        =     |
[    8.148021] cloud-init[955]: | . .  . o = *    |
[    8.149051] cloud-init[955]: |..+..o + = B .   |
[    8.149885] cloud-init[955]: |o=..o . S + .    |
[    8.150816] cloud-init[955]: |+ .  o o .       |
[    8.151713] cloud-init[955]: |...o. .          |
[    8.152605] cloud-init[955]: |=*Bo..           |
[    8.153404] cloud-init[955]: |+%&*             |
[    8.154336] cloud-init[955]: +----[SHA256]-----+
[    8.156710] cloud-init[955]: Generating public/private ecdsa key pair.
[    8.157870] cloud-init[955]: Your identification has been saved in /etc/ssh/ssh_host_ecdsa_key.
[    8.159409] cloud-init[955]: Your public key has been saved in /etc/ssh/ssh_host_ecdsa_key.pub.
[    8.160967] cloud-init[955]: The key fingerprint is:
[    8.168393] cloud-init[955]: SHA256:9GBeN1vMKqe1DRlrEli7fbBp8+Word2SF0jLM9zzbhE root@ubuntu-xenial
[    8.170543] cloud-init[955]: The key's randomart image is:
[    8.171735] cloud-init[955]: +---[ECDSA 256]---+
[    8.172573] cloud-init[955]: |          .      |
[    8.173442] cloud-init[955]: |         o . o   |
[    8.174406] cloud-init[955]: |        = + = +  |
[    8.175270] cloud-init[955]: |       + + = & E |
[    8.176104] cloud-init[955]: |        S = ^ = o|
[    8.177555] cloud-init[955]: |           O # O |
[    8.178422] cloud-init[955]: |          . . *.*|
[    8.182198] cloud-init[955]: |             +o.+|
[    8.183073] cloud-init[955]: |            o.o=o|
[    8.184219] cloud-init[955]: +----[SHA256]-----+
[    8.185394] cloud-init[955]: Generating public/private ed25519 key pair.
[    8.186450] cloud-init[955]: Your identification has been saved in /etc/ssh/ssh_host_ed25519_key.
[    8.191281] cloud-init[955]: Your public key has been saved in /etc/ssh/ssh_host_ed25519_key.pub.
[    8.193754] cloud-init[955]: The key fingerprint is:
[    8.194784] cloud-init[955]: SHA256:wZQvxtRCSLi1omN3jq9Ro1w7BFG43frDxU+/+87OQPs root@ubuntu-xenial
[    8.195921] cloud-init[955]: The key's randomart image is:
[    8.196826] cloud-init[955]: +--[ED25519 256]--+
[    8.198025] cloud-init[955]: |    .=oooo       |
[    8.198794] cloud-init[955]: |    o.oo+ .      |
[    8.199567] cloud-init[955]: |    .= =oo       |
[    8.200566] cloud-init[955]: |    +.o =..      |
[    8.201512] cloud-init[955]: |   . .=oSo    .  |
[    8.202297] cloud-init[955]: |  +..=oo  o .. . |
[    8.203077] cloud-init[955]: | . o++oo . o .o  |
[    8.203874] cloud-init[955]: |    ....+   . .= |
[    8.204717] cloud-init[955]: |    .o.  .    o*E|
[    8.205495] cloud-init[955]: +----[SHA256]-----+
         Starting LXD - container startup/shutdown...
         Starting /etc/rc.local Compatibility...
[[0;32m  OK  [0m] Started FUSE filesystem for LXC.
         Starting Accounts Service...
[[0;32m  OK  [0m] Started System Logging Service.
[[0;32m  OK  [0m] Started iSCSI initiator daemon (iscsid).
[[0;32m  OK  [0m] Started /etc/rc.local Compatibility.
         Starting Login to default iSCSI targets...
[[0;32m  OK  [0m] Started Login Service.
[[0;32m  OK  [0m] Started Unattended Upgrades Shutdown.
[[0;32m  OK  [0m] Started Login to default iSCSI targets.
[[0;32m  OK  [0m] Reached target Remote File Systems (Pre).
[[0;32m  OK  [0m] Reached target Remote File Systems.
         Starting LSB: daemon to balance interrupts for SMP systems...
         Starting LSB: automatic crash report generation...
         Starting Permit User Sessions...
         Starting LSB: Set the CPU Frequency Scaling governor to "ondemand"...
[[0;32m  OK  [0m] Started LSB: Record successful boot for GRUB.
[[0;32m  OK  [0m] Started Permit User Sessions.
         Starting Terminate Plymouth Boot Screen...
         Starting Hold until boot process finishes up...
[[0;32m  OK  [0m] Started LSB: MD monitoring daemon.
[[0;32m  OK  [0m] Started Hold until boot process finishes up.
[[0;32m  OK  [0m] Started Getty on tty1.
         Starting Set console scheme...
[[0;32m  OK  [0m] Started Serial Getty on ttyS0.
[[0;32m  OK  [0m] Reached target Login Prompts.
[[0;32m  OK  [0m] Started Terminate Plymouth Boot Screen.
[[0;32m  OK  [0m] Started Set console scheme.
         Starting Authenticate and Authorize Users to Run Privileged Tasks...
[[0;32m  OK  [0m] Started LSB: Set the CPU Frequency Scaling governor to "ondemand".
[[0;32m  OK  [0m] Started LSB: daemon to balance interrupts for SMP systems.
[[0;32m  OK  [0m] Started LSB: automatic crash report generation.
[[0;32m  OK  [0m] Started Authenticate and Authorize Users to Run Privileged Tasks.
[[0;32m  OK  [0m] Started Accounts Service.
[[0;32m  OK  [0m] Started Virtualbox guest utils.
[[0;32m  OK  [0m] Started LXD - container startup/shutdown.
[[0;32m  OK  [0m] Started Snap Daemon.
         Starting Wait until snapd is fully seeded...
[[0;32m  OK  [0m] Started Pollinate to seed the pseudo random number generator.
         Starting OpenBSD Secure Shell server...
[[0;32m  OK  [0m] Started OpenBSD Secure Shell server.
[[0;32m  OK  [0m] Started Wait until snapd is fully seeded.
         Starting Apply the settings specified in cloud-config...
[[0;32m  OK  [0m] Reached target Multi-User System.
[[0;32m  OK  [0m] Reached target Graphical Interface.
         Starting Update UTMP about System Runlevel Changes...
[[0;32m  OK  [0m] Started Update UTMP about System Runlevel Changes.
[   11.139926] cloud-init[1309]: Generating locales (this might take a while)...
[   11.710994] cloud-init[1309]:   en_US.UTF-8... done
[   11.712589] cloud-init[1309]: Generation complete.
[[0;32m  OK  [0m] Created slice User Slice of vagrant.
         Starting User Manager for UID 1000...
[[0;32m  OK  [0m] Started Session 1 of user vagrant.
[[0;32m  OK  [0m] Started User Manager for UID 1000.
[   12.078197] cloud-init[1309]: Cloud-init v. 21.1-19-gbad84ad4-0ubuntu1~16.04.2 running 'modules:config' at Tue, 24 Aug 2021 17:53:03 +0000. Up 11.05 seconds.
[[0;32m  OK  [0m] Started Apply the settings specified in cloud-config.
         Starting Execute cloud user/final scripts...
ci-info: no authorized SSH keys fingerprints found for user ubuntu.
<14>Aug 24 17:53:05 ec2: 
<14>Aug 24 17:53:05 ec2: #############################################################
<14>Aug 24 17:53:05 ec2: -----BEGIN SSH HOST KEY FINGERPRINTS-----
<14>Aug 24 17:53:05 ec2: 1024 SHA256:5UlNbqwdMmpD5kL6Eogs/lhusofztLrIvGyeL1BOh5Q root@ubuntu-xenial (DSA)
<14>Aug 24 17:53:05 ec2: 256 SHA256:9GBeN1vMKqe1DRlrEli7fbBp8+Word2SF0jLM9zzbhE root@ubuntu-xenial (ECDSA)
<14>Aug 24 17:53:05 ec2: 256 SHA256:wZQvxtRCSLi1omN3jq9Ro1w7BFG43frDxU+/+87OQPs root@ubuntu-xenial (ED25519)
<14>Aug 24 17:53:05 ec2: 2048 SHA256:Su+cWaaERVzM6fG3vGlbYen25+2LpXgYHQK4NzC6EA8 root@ubuntu-xenial (RSA)
<14>Aug 24 17:53:05 ec2: -----END SSH HOST KEY FINGERPRINTS-----
<14>Aug 24 17:53:05 ec2: #############################################################
-----BEGIN SSH HOST KEY KEYS-----
ecdsa-sha2-nistp256 AAAAE2VjZHNhLXNoYTItbmlzdHAyNTYAAAAIbmlzdHAyNTYAAABBBPKJLxuiesrS1jgZOc3O30zePBY0gr7fzgzOybnqUI5JepOpruLWsIl8dy+nnnJNAGB+r2FfjrPYXLGpI4zc1fo= root@ubuntu-xenial
ssh-ed25519 AAAAC3NzaC1lZDI1NTE5AAAAIOZikw04HRHEUN7DtUnbxWMnYU+5vJtRAmDHogKBLpSe root@ubuntu-xenial
ssh-rsa AAAAB3NzaC1yc2EAAAADAQABAAABAQCezDs06us4znzeUnm8XhmCW7QWelosKYooX6YJQpgzhSjouXsXo9+kwwfWAJGkj/ZNxz+2BhwcGMRh3UIh1kcA7cCB1tX8LEcfoajvRgqmoH2PZE0BG4U94rzhilzZSk71XD6z0lGTwJqUFVjsYDAqMhApAAWCOjwaW50S5qIaERVKOE8CPnE8CcCD/SqXzOucGRYADSUtc8tlRPUP8DTyGMI7cfoMfHYHI/1exT9EA7pYMO3bT2r7ScqX/D/xxrqvcaFXs5itXWO5U/WsLxosDS/V8wFtcWAF/pF11ztjlIMi1HCmE5Sn7cgZTqxzpghMNBeH+YVEWYzwl6Si6/dN root@ubuntu-xenial
-----END SSH HOST KEY KEYS-----
[   12.869690] cloud-init[1394]: Cloud-init v. 21.1-19-gbad84ad4-0ubuntu1~16.04.2 running 'modules:final' at Tue, 24 Aug 2021 17:53:05 +0000. Up 12.62 seconds.
[   12.872643] cloud-init[1394]: ci-info: no authorized SSH keys fingerprints found for user ubuntu.
[   12.876631] cloud-init[1394]: Cloud-init v. 21.1-19-gbad84ad4-0ubuntu1~16.04.2 finished at Tue, 24 Aug 2021 17:53:05 +0000. Datasource DataSourceNoCloud [seed=/dev/sdb][dsmode=net].  Up 12.85 seconds
[[0;32m  OK  [0m] Started Execute cloud user/final scripts.
[[0;32m  OK  [0m] Reached target Cloud-init target.

Ubuntu 16.04.7 LTS ubuntu-xenial ttyS0

ubuntu-xenial login: 