[    0.000000] Initializing cgroup subsys cpuset
[    0.000000] Initializing cgroup subsys cpu
[    0.000000] Initializing cgroup subsys cpuacct
[    0.000000] Linux version 4.4.0-210-generic (buildd@lgw01-amd64-009) (gcc version 5.4.0 20160609 (Ubuntu 5.4.0-6ubuntu1~16.04.12) ) #242-Ubuntu SMP Fri Apr 16 09:57:56 UTC 2021 (Ubuntu 4.4.0-210.242-generic 4.4.262)
[    0.000000] Command line: BOOT_IMAGE=/boot/vmlinuz-4.4.0-210-generic root=LABEL=cloudimg-rootfs ro console=tty1 console=ttyS0
[    0.000000] KERNEL supported cpus:
[    0.000000]   Intel GenuineIntel
[    0.000000]   AMD AuthenticAMD
[    0.000000]   Centaur CentaurHauls
[    0.000000] [Firmware Bug]: TSC doesn't count with P0 frequency!
[    0.000000] x86/fpu: xstate_offset[2]:  576, xstate_sizes[2]:  256
[    0.000000] x86/fpu: Supporting XSAVE feature 0x01: 'x87 floating point registers'
[    0.000000] x86/fpu: Supporting XSAVE feature 0x02: 'SSE registers'
[    0.000000] x86/fpu: Supporting XSAVE feature 0x04: 'AVX registers'
[    0.000000] x86/fpu: Enabled xstate features 0x7, context size is 832 bytes, using 'standard' format.
[    0.000000] e820: BIOS-provided physical RAM map:
[    0.000000] BIOS-e820: [mem 0x0000000000000000-0x000000000009fbff] usable
[    0.000000] BIOS-e820: [mem 0x000000000009fc00-0x000000000009ffff] reserved
[    0.000000] BIOS-e820: [mem 0x00000000000f0000-0x00000000000fffff] reserved
[    0.000000] BIOS-e820: [mem 0x0000000000100000-0x000000001ffeffff] usable
[    0.000000] BIOS-e820: [mem 0x000000001fff0000-0x000000001fffffff] ACPI data
[    0.000000] BIOS-e820: [mem 0x00000000fec00000-0x00000000fec00fff] reserved
[    0.000000] BIOS-e820: [mem 0x00000000fee00000-0x00000000fee00fff] reserved
[    0.000000] BIOS-e820: [mem 0x00000000fffc0000-0x00000000ffffffff] reserved
[    0.000000] NX (Execute Disable) protection: active
[    0.000000] SMBIOS 2.5 present.
[    0.000000] Hypervisor detected: KVM
[    0.000000] Kernel/User page tables isolation: disabled
[    0.000000] e820: last_pfn = 0x1fff0 max_arch_pfn = 0x400000000
[    0.000000] MTRR: Disabled
[    0.000000] x86/PAT: MTRRs disabled, skipping PAT initialization too.
[    0.000000] CPU MTRRs all blank - virtualized system.
[    0.000000] x86/PAT: Configuration [0-7]: WB  WT  UC- UC  WB  WT  UC- UC  
[    0.000000] found SMP MP-table at [mem 0x0009fff0-0x0009ffff] mapped at [ffff88000009fff0]
[    0.000000] Scanning 1 areas for low memory corruption
[    0.000000] RAMDISK: [mem 0x1e95d000-0x1f7e6fff]
[    0.000000] ACPI: Early table checksum verification disabled
[    0.000000] ACPI: RSDP 0x00000000000E0000 000024 (v02 VBOX  )
[    0.000000] ACPI: XSDT 0x000000001FFF0030 00003C (v01 VBOX   VBOXXSDT 00000001 ASL  00000061)
[    0.000000] ACPI: FACP 0x000000001FFF00F0 0000F4 (v04 VBOX   VBOXFACP 00000001 ASL  00000061)
[    0.000000] ACPI: DSDT 0x000000001FFF0470 002325 (v02 VBOX   VBOXBIOS 00000002 INTL 20100528)
[    0.000000] ACPI: FACS 0x000000001FFF0200 000040
[    0.000000] ACPI: FACS 0x000000001FFF0200 000040
[    0.000000] ACPI: APIC 0x000000001FFF0240 000054 (v02 VBOX   VBOXAPIC 00000001 ASL  00000061)
[    0.000000] ACPI: SSDT 0x000000001FFF02A0 0001CC (v01 VBOX   VBOXCPUT 00000002 INTL 20100528)
[    0.000000] No NUMA configuration found
[    0.000000] Faking a node at [mem 0x0000000000000000-0x000000001ffeffff]
[    0.000000] NODE_DATA(0) allocated [mem 0x1ffeb000-0x1ffeffff]
[    0.000000] kvm-clock: Using msrs 4b564d01 and 4b564d00
[    0.000000] kvm-clock: cpu 0, msr 0:1ffe3001, primary cpu clock
[    0.000000] kvm-clock: using sched offset of 3224589650 cycles
[    0.000000] clocksource: kvm-clock: mask: 0xffffffffffffffff max_cycles: 0x1cd42e4dffb, max_idle_ns: 881590591483 ns
[    0.000000] Zone ranges:
[    0.000000]   DMA      [mem 0x0000000000001000-0x0000000000ffffff]
[    0.000000]   DMA32    [mem 0x0000000001000000-0x000000001ffeffff]
[    0.000000]   Normal   empty
[    0.000000]   Device   empty
[    0.000000] Movable zone start for each node
[    0.000000] Early memory node ranges
[    0.000000]   node   0: [mem 0x0000000000001000-0x000000000009efff]
[    0.000000]   node   0: [mem 0x0000000000100000-0x000000001ffeffff]
[    0.000000] Initmem setup node 0 [mem 0x0000000000001000-0x000000001ffeffff]
[    0.000000] ACPI: PM-Timer IO Port: 0x4008
[    0.000000] IOAPIC[0]: apic_id 1, version 32, address 0xfec00000, GSI 0-23
[    0.000000] ACPI: INT_SRC_OVR (bus 0 bus_irq 0 global_irq 2 dfl dfl)
[    0.000000] ACPI: INT_SRC_OVR (bus 0 bus_irq 9 global_irq 9 low level)
[    0.000000] Using ACPI (MADT) for SMP configuration information
[    0.000000] smpboot: Allowing 1 CPUs, 0 hotplug CPUs
[    0.000000] PM: Registered nosave memory: [mem 0x00000000-0x00000fff]
[    0.000000] PM: Registered nosave memory: [mem 0x0009f000-0x0009ffff]
[    0.000000] PM: Registered nosave memory: [mem 0x000a0000-0x000effff]
[    0.000000] PM: Registered nosave memory: [mem 0x000f0000-0x000fffff]
[    0.000000] e820: [mem 0x20000000-0xfebfffff] available for PCI devices
[    0.000000] Booting paravirtualized kernel on KVM
[    0.000000] clocksource: refined-jiffies: mask: 0xffffffff max_cycles: 0xffffffff, max_idle_ns: 7645519600211568 ns
[    0.000000] setup_percpu: NR_CPUS:512 nr_cpumask_bits:512 nr_cpu_ids:1 nr_node_ids:1
[    0.000000] PERCPU: Embedded 33 pages/cpu @ffff88001fc00000 s95192 r8192 d31784 u2097152
[    0.000000] Built 1 zonelists in Node order, mobility grouping on.  Total pages: 128888
[    0.000000] Policy zone: DMA32
[    0.000000] Kernel command line: BOOT_IMAGE=/boot/vmlinuz-4.4.0-210-generic root=LABEL=cloudimg-rootfs ro console=tty1 console=ttyS0
[    0.000000] PID hash table entries: 2048 (order: 2, 16384 bytes)
[    0.000000] Memory: 481844K/523832K available (8644K kernel code, 1332K rwdata, 4044K rodata, 1492K init, 1164K bss, 41988K reserved, 0K cma-reserved)
[    0.000000] SLUB: HWalign=64, Order=0-3, MinObjects=0, CPUs=1, Nodes=1
[    0.000000] Hierarchical RCU implementation.
[    0.000000] 	Build-time adjustment of leaf fanout to 64.
[    0.000000] 	RCU restricting CPUs from NR_CPUS=512 to nr_cpu_ids=1.
[    0.000000] RCU: Adjusting geometry for rcu_fanout_leaf=64, nr_cpu_ids=1
[    0.000000] NR_IRQS:33024 nr_irqs:256 16
[    0.000000] Console: colour VGA+ 80x25
[    0.000000] console [tty1] enabled
[    0.000000] console [ttyS0] enabled
[    0.000000] tsc: Detected 3193.998 MHz processor
[    0.130120] Calibrating delay loop (skipped) preset value.. 6387.99 BogoMIPS (lpj=12775992)
[    0.131588] pid_max: default: 32768 minimum: 301
[    0.132371] ACPI: Core revision 20150930
[    0.134007] ACPI: 2 ACPI AML tables successfully acquired and loaded
[    0.135194] Security Framework initialized
[    0.135905] Yama: becoming mindful.
[    0.136556] AppArmor: AppArmor initialized
[    0.137315] Dentry cache hash table entries: 65536 (order: 7, 524288 bytes)
[    0.138561] Inode-cache hash table entries: 32768 (order: 6, 262144 bytes)
[    0.139901] Mount-cache hash table entries: 1024 (order: 1, 8192 bytes)
[    0.141000] Mountpoint-cache hash table entries: 1024 (order: 1, 8192 bytes)
[    0.142229] Initializing cgroup subsys io
[    0.143029] Initializing cgroup subsys memory
[    0.143771] Initializing cgroup subsys devices
[    0.144524] Initializing cgroup subsys freezer
[    0.145273] Initializing cgroup subsys net_cls
[    0.146022] Initializing cgroup subsys perf_event
[    0.146867] Initializing cgroup subsys net_prio
[    0.147674] Initializing cgroup subsys hugetlb
[    0.148425] Initializing cgroup subsys pids
[    0.150368] CPU0: Hyper-Threading is disabled
[    0.156618] mce: CPU supports 0 MCE banks
[    0.157382] Last level iTLB entries: 4KB 1024, 2MB 1024, 4MB 512
[    0.158405] Last level dTLB entries: 4KB 1536, 2MB 1536, 4MB 768, 1GB 0
[    0.159409] Spectre V1 : Mitigation: usercopy/swapgs barriers and __user pointer sanitization
[    0.160860] Spectre V2 : Spectre mitigation: LFENCE not serializing, switching to generic retpoline
[    0.162370] Spectre V2 : Mitigation: Full generic retpoline
[    0.163529] Spectre V2 : Spectre v2 / SpectreRSB mitigation: Filling RSB on context switch
[    0.164911] Speculative Store Bypass: Mitigation: Speculative Store Bypass disabled via prctl and seccomp
[    0.192074] Freeing SMP alternatives memory: 36K
[    0.200292] ftrace: allocating 32380 entries in 127 pages
[    0.267216] smpboot: APIC(0) Converting physical 0 to logical package 0
[    0.268448] smpboot: Max logical packages: 1
[    0.269515] x2apic enabled
[    0.270335] Switched APIC routing to physical x2apic.
[    0.272326] ..TIMER: vector=0x30 apic1=0 pin1=2 apic2=-1 pin2=-1
[    0.392297] APIC calibration not consistent with PM-Timer: 111ms instead of 100ms
[    0.393675] APIC delta adjusted to PM-Timer: 6269798 (7018260)
[    0.394658] smpboot: CPU0: AMD Ryzen 5 1600 Six-Core Processor (family: 0x17, model: 0x8, stepping: 0x2)
[    0.396402] Performance Events: Broken PMU hardware detected, using software events only.
[    0.397836] Failed to access perfctr msr (MSR c0010007 is 0)
[    0.411829] KVM setup paravirtual spinlock
[    0.419576] x86: Booted up 1 node, 1 CPUs
[    0.420315] smpboot: Total of 1 processors activated (6387.99 BogoMIPS)
[    0.421655] devtmpfs: initialized
[    0.424055] evm: security.selinux
[    0.424706] evm: security.SMACK64
[    0.425340] evm: security.SMACK64EXEC
[    0.426030] evm: security.SMACK64TRANSMUTE
[    0.426736] evm: security.SMACK64MMAP
[    0.427396] evm: security.ima
[    0.428018] evm: security.capability
[    0.428790] clocksource: jiffies: mask: 0xffffffff max_cycles: 0xffffffff, max_idle_ns: 7645041785100000 ns
[    0.430540] futex hash table entries: 256 (order: 2, 16384 bytes)
[    0.431803] pinctrl core: initialized pinctrl subsystem
[    0.432841] RTC time: 18:55:01, date: 08/19/21
[    0.433796] NET: Registered protocol family 16
[    0.434671] cpuidle: using governor ladder
[    0.435409] cpuidle: using governor menu
[    0.436094] PCCT header not found.
[    0.436985] ACPI: bus type PCI registered
[    0.437687] acpiphp: ACPI Hot Plug PCI Controller Driver version: 0.5
[    0.438812] PCI: Using configuration type 1 for base access
[    0.439708] PCI: Using configuration type 1 for extended access
[    0.443365] ACPI: Added _OSI(Module Device)
[    0.444104] ACPI: Added _OSI(Processor Device)
[    0.444854] ACPI: Added _OSI(3.0 _SCP Extensions)
[    0.445649] ACPI: Added _OSI(Processor Aggregator Device)
[    0.447057] ACPI: Executed 1 blocks of module-level executable AML code
[    0.449792] ACPI: Interpreter enabled
[    0.455038] ACPI: (supports S0 S5)
[    0.455676] ACPI: Using IOAPIC for interrupt routing
[    0.456762] PCI: Using host bridge windows from ACPI; if necessary, use "pci=nocrs" and report a bug
[    0.461414] ACPI: PCI Root Bridge [PCI0] (domain 0000 [bus 00-ff])
[    0.462422] acpi PNP0A03:00: _OSC: OS supports [ExtendedConfig ASPM ClockPM Segments MSI]
[    0.464395] acpi PNP0A03:00: _OSC: platform does not support [PCIeCapability]
[    0.465752] acpi PNP0A03:00: _OSC: not requesting control; platform does not support [PCIeCapability]
[    0.467267] acpi PNP0A03:00: _OSC: OS requested [PCIeHotplug PME AER PCIeCapability]
[    0.468641] acpi PNP0A03:00: _OSC: platform willing to grant [PCIeHotplug PME AER]
[    0.469971] acpi PNP0A03:00: _OSC failed (AE_SUPPORT); disabling ASPM
[    0.479053] PCI host bridge to bus 0000:00
[    0.479781] pci_bus 0000:00: root bus resource [io  0x0000-0x0cf7 window]
[    0.480825] pci_bus 0000:00: root bus resource [io  0x0d00-0xffff window]
[    0.481919] pci_bus 0000:00: root bus resource [mem 0x000a0000-0x000bffff window]
[    0.483214] pci_bus 0000:00: root bus resource [mem 0x20000000-0xfdffffff window]
[    0.484530] pci_bus 0000:00: root bus resource [bus 00-ff]
[    0.487081] pci 0000:00:01.1: legacy IDE quirk: reg 0x10: [io  0x01f0-0x01f7]
[    0.488202] pci 0000:00:01.1: legacy IDE quirk: reg 0x14: [io  0x03f6]
[    0.489262] pci 0000:00:01.1: legacy IDE quirk: reg 0x18: [io  0x0170-0x0177]
[    0.490369] pci 0000:00:01.1: legacy IDE quirk: reg 0x1c: [io  0x0376]
[    0.498152] pci 0000:00:07.0: quirk: [io  0x4000-0x403f] claimed by PIIX4 ACPI
[    0.499447] pci 0000:00:07.0: quirk: [io  0x4100-0x410f] claimed by PIIX4 SMB
[    0.505307] ACPI: PCI Interrupt Link [LNKA] (IRQs 5 9 10 *11)
[    0.507136] ACPI: PCI Interrupt Link [LNKB] (IRQs 5 9 *10 11)
[    0.508764] ACPI: PCI Interrupt Link [LNKC] (IRQs 5 *9 10 11)
[    0.510223] ACPI: PCI Interrupt Link [LNKD] (IRQs 5 9 10 *11)
[    0.511710] ACPI: Enabled 2 GPEs in block 00 to 07
[    0.512929] vgaarb: setting as boot device: PCI:0000:00:02.0
[    0.513849] vgaarb: device added: PCI:0000:00:02.0,decodes=io+mem,owns=io+mem,locks=none
[    0.515207] vgaarb: loaded
[    0.515779] vgaarb: bridge control possible 0000:00:02.0
[    0.516846] SCSI subsystem initialized
[    0.517577] ACPI: bus type USB registered
[    0.518296] usbcore: registered new interface driver usbfs
[    0.519202] usbcore: registered new interface driver hub
[    0.520085] usbcore: registered new device driver usb
[    0.521053] PCI: Using ACPI for IRQ routing
[    0.522053] NetLabel: Initializing
[    0.522746] NetLabel:  domain hash size = 128
[    0.523522] NetLabel:  protocols = UNLABELED CIPSOv4
[    0.524391] NetLabel:  unlabeled traffic allowed by default
[    0.525374] amd_nb: Cannot enumerate AMD northbridges
[    0.526235] clocksource: Switched to clocksource kvm-clock
[    0.532541] AppArmor: AppArmor Filesystem Enabled
[    0.533543] pnp: PnP ACPI init
[    0.534908] pnp: PnP ACPI: found 3 devices
[    0.542182] clocksource: acpi_pm: mask: 0xffffff max_cycles: 0xffffff, max_idle_ns: 2085701024 ns
[    0.543832] NET: Registered protocol family 2
[    0.544780] TCP established hash table entries: 4096 (order: 3, 32768 bytes)
[    0.545930] TCP bind hash table entries: 4096 (order: 4, 65536 bytes)
[    0.546979] TCP: Hash tables configured (established 4096 bind 4096)
[    0.547985] UDP hash table entries: 256 (order: 1, 8192 bytes)
[    0.548904] UDP-Lite hash table entries: 256 (order: 1, 8192 bytes)
[    0.549932] NET: Registered protocol family 1
[    0.550762] pci 0000:00:00.0: Limiting direct PCI/PCI transfers
[    0.551727] pci 0000:00:01.0: Activating ISA DMA hang workarounds
[    0.552925] Unpacking initramfs...
[    0.769511] Freeing initrd memory: 14888K
[    0.770556] clocksource: tsc: mask: 0xffffffffffffffff max_cycles: 0x2e0a244aeba, max_idle_ns: 440795290469 ns
[    0.772229] platform rtc_cmos: registered platform RTC device (no PNP device found)
[    0.773581] Scanning for low memory corruption every 60 seconds
[    0.774767] audit: initializing netlink subsys (disabled)
[    0.775692] audit: type=2000 audit(1629399306.772:1): initialized
[    0.776967] Initialise system trusted keyring
[    0.777848] HugeTLB registered 2 MB page size, pre-allocated 0 pages
[    0.779856] zbud: loaded
[    0.780727] VFS: Disk quotas dquot_6.6.0
[    0.782531] VFS: Dquot-cache hash table entries: 512 (order 0, 4096 bytes)
[    0.783817] squashfs: version 4.0 (2009/01/31) Phillip Lougher
[    0.784980] fuse init (API version 7.23)
[    0.785875] Key type big_key registered
[    0.786684] Allocating IMA MOK and blacklist keyrings.
[    0.787842] Key type asymmetric registered
[    0.788585] Asymmetric key parser 'x509' registered
[    0.789598] Block layer SCSI generic (bsg) driver version 0.4 loaded (major 249)
[    0.791068] io scheduler noop registered
[    0.791772] io scheduler deadline registered (default)
[    0.792694] io scheduler cfq registered
[    0.793493] pci_hotplug: PCI Hot Plug PCI Core version: 0.5
[    0.794456] pciehp: PCI Express Hot Plug Controller Driver version: 0.4
[    0.795677] ACPI: AC Adapter [AC] (on-line)
[    0.796508] input: Power Button as /devices/LNXSYSTM:00/LNXPWRBN:00/input/input0
[    0.797853] ACPI: Power Button [PWRF]
[    0.798639] input: Sleep Button as /devices/LNXSYSTM:00/LNXSLPBN:00/input/input1
[    0.799967] ACPI: Sleep Button [SLPF]
[    0.800804] GHES: HEST is not enabled!
[    0.801566] Serial: 8250/16550 driver, 32 ports, IRQ sharing enabled
[    0.825527] 00:02: ttyS0 at I/O 0x3f8 (irq = 4, base_baud = 115200) is a 16550A
[    0.827889] Linux agpgart interface v0.103
[    0.829441] loop: module loaded
[    0.830486] scsi host0: ata_piix
[    0.831181] scsi host1: ata_piix
[    0.831831] ata1: PATA max UDMA/33 cmd 0x1f0 ctl 0x3f6 bmdma 0xd000 irq 14
[    0.832971] ata2: PATA max UDMA/33 cmd 0x170 ctl 0x376 bmdma 0xd008 irq 15
[    0.834303] libphy: Fixed MDIO Bus: probed
[    0.835042] tun: Universal TUN/TAP device driver, 1.6
[    0.835899] tun: (C) 1999-2004 Max Krasnyansky <maxk@qualcomm.com>
[    0.837094] PPP generic driver version 2.4.2
[    0.837888] ehci_hcd: USB 2.0 'Enhanced' Host Controller (EHCI) Driver
[    0.838930] ehci-pci: EHCI PCI platform driver
[    0.839710] ehci-platform: EHCI generic platform driver
[    0.840570] ohci_hcd: USB 1.1 'Open' Host Controller (OHCI) Driver
[    0.841585] ohci-pci: OHCI PCI platform driver
[    0.842366] ohci-platform: OHCI generic platform driver
[    0.843411] uhci_hcd: USB Universal Host Controller Interface driver
[    0.844596] i8042: PNP: PS/2 Controller [PNP0303:PS2K,PNP0f03:PS2M] at 0x60,0x64 irq 1,12
[    0.846534] serio: i8042 KBD port at 0x60,0x64 irq 1
[    0.847438] serio: i8042 AUX port at 0x60,0x64 irq 12
[    0.848381] mousedev: PS/2 mouse device common for all mice
[    0.849522] input: AT Translated Set 2 keyboard as /devices/platform/i8042/serio0/input/input2
[    0.851359] rtc_cmos rtc_cmos: rtc core: registered rtc_cmos as rtc0
[    0.852526] rtc_cmos rtc_cmos: alarms up to one day, 114 bytes nvram
[    0.853532] i2c /dev entries driver
[    0.854211] device-mapper: uevent: version 1.0.3
[    0.855070] device-mapper: ioctl: 4.34.0-ioctl (2015-10-28) initialised: dm-devel@redhat.com
[    0.856506] ledtrig-cpu: registered to indicate activity on CPUs
[    0.857699] NET: Registered protocol family 10
[    0.858607] NET: Registered protocol family 17
[    0.859379] Key type dns_resolver registered
[    0.860275] registered taskstats version 1
[    0.861039] Loading compiled-in X.509 certificates
[    0.862378] Loaded X.509 cert 'Build time autogenerated kernel key: cf00e047681d67edb2720680708b7d9498083038'
[    0.864118] zswap: loaded using pool lzo/zbud
[    0.866013] Key type trusted registered
[    0.868583] Key type encrypted registered
[    0.869309] AppArmor: AppArmor sha1 policy hashing enabled
[    0.870195] ima: No TPM chip found, activating TPM-bypass!
[    0.871150] ima: Allocated hash algorithm: sha1
[    0.871929] evm: HMAC attrs: 0x1
[    0.872814]   Magic number: 1:242:949
[    0.873631] mdio_bus fixed-0: hash matches
[    0.874416] tty tty6: hash matches
[    0.875102] memory memory2: hash matches
[    0.875874] rtc_cmos rtc_cmos: setting system clock to 2021-08-19 18:55:02 UTC (1629399302)
[    0.877650] BIOS EDD facility v0.16 2004-Jun-25, 0 devices found
[    0.878616] EDD information not available.
[    1.010693] Freeing unused kernel memory: 1492K
[    1.011579] Write protecting the kernel read-only data: 14336k
[    1.012915] Freeing unused kernel memory: 1584K
[    1.013796] Freeing unused kernel memory: 52K
Loading, please wait...
starting version 229
[    1.023776] random: udevadm: uninitialized urandom read (16 bytes read, 3 bits of entropy available)
[    1.025395] random: udevadm: uninitialized urandom read (16 bytes read, 3 bits of entropy available)
[    1.027321] random: systemd-udevd: uninitialized urandom read (16 bytes read, 3 bits of entropy available)
[    1.029105] random: systemd-udevd: uninitialized urandom read (16 bytes read, 3 bits of entropy available)
[    1.030987] random: systemd-udevd: uninitialized urandom read (16 bytes read, 3 bits of entropy available)
[    1.032765] random: systemd-udevd: uninitialized urandom read (16 bytes read, 3 bits of entropy available)
[    1.041938] random: systemd-udevd: uninitialized urandom read (16 bytes read, 3 bits of entropy available)
[    1.043869] random: systemd-udevd: uninitialized urandom read (16 bytes read, 3 bits of entropy available)
[    1.045516] random: systemd-udevd: uninitialized urandom read (16 bytes read, 3 bits of entropy available)
[    1.048674] random: systemd-udevd: uninitialized urandom read (16 bytes read, 3 bits of entropy available)
[    1.104663] e1000: Intel(R) PRO/1000 Network Driver - version 7.3.21-k8-NAPI
[    1.105843] e1000: Copyright (c) 1999-2006 Intel Corporation.
[    1.112123] Fusion MPT base driver 3.04.20
[    1.113176] Copyright (c) 1999-2008 LSI Corporation
[    1.133838] Fusion MPT SPI Host driver 3.04.20
[    1.161347] AVX2 version of gcm_enc/dec engaged.
[    1.162228] AES CTR mode by8 optimization enabled
[    1.321682] input: ImExPS/2 Generic Explorer Mouse as /devices/platform/i8042/serio1/input/input4
[    1.502333] e1000 0000:00:03.0 eth0: (PCI:33MHz:32-bit) 02:a0:46:b5:71:eb
[    1.503491] e1000 0000:00:03.0 eth0: Intel(R) PRO/1000 Network Connection
[    1.505070] mptbase: ioc0: Initiating bringup
[    1.566705] ioc0: LSI53C1030 A0: Capabilities={Initiator}
[    1.727746] scsi host2: ioc0: LSI53C1030 A0, FwRev=00000000h, Ports=1, MaxQ=256, IRQ=20
[    1.855575] scsi 2:0:0:0: Direct-Access     VBOX     HARDDISK         1.0  PQ: 0 ANSI: 5
[    1.857035] scsi target2:0:0: Beginning Domain Validation
[    1.858543] scsi target2:0:0: Domain Validation skipping write tests
[    1.859606] scsi target2:0:0: Ending Domain Validation
[    1.860533] scsi target2:0:0: asynchronous
[    1.861495] scsi 2:0:1:0: Direct-Access     VBOX     HARDDISK         1.0  PQ: 0 ANSI: 5
[    1.862912] scsi target2:0:1: Beginning Domain Validation
[    1.864569] scsi target2:0:1: Domain Validation skipping write tests
[    1.865628] scsi target2:0:1: Ending Domain Validation
[    1.866549] scsi target2:0:1: asynchronous
[    1.870410] sd 2:0:0:0: Attached scsi generic sg0 type 0
[    1.877236] sd 2:0:0:0: [sda] 83886080 512-byte logical blocks: (42.9 GB/40.0 GiB)
[    1.878919] sd 2:0:0:0: [sda] Write Protect is off
[    1.879875] sd 2:0:0:0: [sda] Incomplete mode parameter data
[    1.880850] sd 2:0:0:0: [sda] Assuming drive cache: write through
[    1.882761] sd 2:0:1:0: [sdb] 20480 512-byte logical blocks: (10.5 MB/10.0 MiB)
[    1.884147] sd 2:0:1:0: [sdb] Write Protect is off
[    1.885286] sd 2:0:1:0: [sdb] Incomplete mode parameter data
[    1.886377] sd 2:0:1:0: [sdb] Assuming drive cache: write through
[    1.887413]  sda: sda1
[    1.888141] sd 2:0:1:0: Attached scsi generic sg1 type 0
[    1.889595] sd 2:0:0:0: [sda] Attached SCSI disk
[    1.920905] sd 2:0:1:0: [sdb] Attached SCSI disk
[    2.244563] e1000 0000:00:08.0 eth1: (PCI:33MHz:32-bit) 08:00:27:f5:89:77
[    2.245746] e1000 0000:00:08.0 eth1: Intel(R) PRO/1000 Network Connection
[    2.247840] e1000 0000:00:08.0 enp0s8: renamed from eth1
[    2.250034] e1000 0000:00:03.0 enp0s3: renamed from eth0
Begin: Loading essential drivers ... [    3.524899] md: linear personality registered for level -1
[    3.528108] md: multipath personality registered for level -4
[    3.531479] md: raid0 personality registered for level 0
[    3.535401] md: raid1 personality registered for level 1
[    3.614989] raid6: sse2x1   gen()  7510 MB/s
[    3.682411] raid6: sse2x1   xor()  7025 MB/s
[    3.750811] raid6: sse2x2   gen() 12473 MB/s
[    3.819216] raid6: sse2x2   xor()  9594 MB/s
[    3.886636] raid6: sse2x4   gen() 15240 MB/s
[    3.955042] raid6: sse2x4   xor()  8458 MB/s
[    4.025432] raid6: avx2x1   gen() 12545 MB/s
[    4.094770] raid6: avx2x2   gen() 15314 MB/s
[    4.163169] raid6: avx2x4   gen() 21701 MB/s
[    4.164003] raid6: using algorithm avx2x4 gen() 21701 MB/s
[    4.164981] raid6: using avx2x2 recovery algorithm
[    4.174802] xor: automatically using best checksumming function:
[    4.214953]    avx       : 13199.000 MB/sec
[    4.217664] async_tx: api initialized (async)
[    4.227449] md: raid6 personality registered for level 6
[    4.228387] md: raid5 personality registered for level 5
[    4.229275] md: raid4 personality registered for level 4
[    4.235882] md: raid10 personality registered for level 10
done.
Begin: Running /scripts/init-premount ... done.
Begin: Mounting root file system ... Begin: Running /scripts/local-top ... done.
Begin: Running /scripts/local-premount ... [    4.264960] Btrfs loaded
Scanning for Btrfs filesystems
done.
Warning: fsck not present, so skipping root file system
[    4.292439] EXT4-fs (sda1): mounted filesystem with ordered data mode. Opts: (null)
done.
Begin: Running /scripts/local-bottom ... done.
Begin: Running /scripts/init-bottom ... done.
[    4.395929] systemd[1]: systemd 229 running in system mode. (+PAM +AUDIT +SELINUX +IMA +APPARMOR +SMACK +SYSVINIT +UTMP +LIBCRYPTSETUP +GCRYPT +GNUTLS +ACL +XZ -LZ4 +SECCOMP +BLKID +ELFUTILS +KMOD -IDN)
[    4.398722] systemd[1]: Detected virtualization oracle.
[    4.399644] systemd[1]: Detected architecture x86-64.

Welcome to [1mUbuntu 16.04.7 LTS[0m!

[    4.403019] systemd[1]: Set hostname to <ubuntu>.
[    4.406082] systemd[1]: Initializing machine ID from random generator.
[    4.407305] systemd[1]: Installed transient /etc/machine-id file.
[    4.522208] systemd[1]: Reached target User and Group Name Lookups.
[[0;32m  OK  [0m] Reached target User and Group Name Lookups.
[    4.524489] systemd[1]: Started Forward Password Requests to Wall Directory Watch.
[[0;32m  OK  [0m] Started Forward Password Requests to Wall Directory Watch.
[    4.526872] systemd[1]: Listening on LVM2 metadata daemon socket.
[[0;32m  OK  [0m] Listening on LVM2 metadata daemon socket.
[    4.528969] systemd[1]: Set up automount Arbitrary Executable File Formats File System Automount Point.
[[0;32m  OK  [0m] Set up automount Arbitrary Executab...ats File System Automount Point.
[    4.531650] systemd[1]: Started Trigger resolvconf update for networkd DNS.
[[0;32m  OK  [0m] Started Trigger resolvconf update for networkd DNS.
[    4.533914] systemd[1]: Created slice User and Session Slice.
[[0;32m  OK  [0m] Created slice User and Session Slice.
[    4.535741] systemd[1]: Listening on Syslog Socket.
[[0;32m  OK  [0m] Listening on Syslog Socket.
[    4.537466] systemd[1]: Reached target Encrypted Volumes.
[[0;32m  OK  [0m] Reached target Encrypted Volumes.
[    4.539308] systemd[1]: Listening on /dev/initctl Compatibility Named Pipe.
[[0;32m  OK  [0m] Listening on /dev/initctl Compatibility Named Pipe.
[    4.541612] systemd[1]: Created slice System Slice.
[[0;32m  OK  [0m] Created slice System Slice.
[    4.543431] systemd[1]: Created slice system-serial\x2dgetty.slice.
[[0;32m  OK  [0m] Created slice system-serial\x2dgetty.slice.
[    4.545565] systemd[1]: Reached target Slices.
[[0;32m  OK  [0m] Reached target Slices.
[    4.547102] systemd[1]: Reached target System Time Synchronized.
[[0;32m  OK  [0m] Reached target System Time Synchronized.
[    4.549033] systemd[1]: Listening on Device-mapper event daemon FIFOs.
[[0;32m  OK  [0m] Listening on Device-mapper event daemon FIFOs.
[    4.551003] systemd[1]: Reached target Swap.
[[0;32m  OK  [0m] Reached target Swap.
[    4.552446] systemd[1]: Listening on fsck to fsckd communication Socket.
[[0;32m  OK  [0m] Listening on fsck to fsckd communication Socket.
[    4.554436] systemd[1]: Listening on udev Kernel Socket.
[[0;32m  OK  [0m] Listening on udev Kernel Socket.
[    4.556140] systemd[1]: Listening on udev Control Socket.
[[0;32m  OK  [0m] Listening on udev Control Socket.
[    4.557825] systemd[1]: Listening on Journal Socket (/dev/log).
[[0;32m  OK  [0m] Listening on Journal Socket (/dev/log).
[    4.559795] systemd[1]: Listening on Journal Audit Socket.
[[0;32m  OK  [0m] Listening on Journal Audit Socket.
[    4.561517] systemd[1]: Listening on LVM2 poll daemon socket.
[[0;32m  OK  [0m] Listening on LVM2 poll daemon socket.
[    4.563347] systemd[1]: Listening on Journal Socket.
[[0;32m  OK  [0m] Listening on Journal Socket.
[    4.566005] systemd[1]: Starting Uncomplicated firewall...
         Starting Uncomplicated firewall...
[    4.568104] systemd[1]: Mounting Huge Pages File System...
         Mounting Huge Pages File System...
[    4.572410] systemd[1]: Starting Create list of required static device nodes for the current kernel...
         Starting Create list of required st... nodes for the current kernel...
[    4.578741] systemd[1]: Starting Monitoring of LVM2 mirrors, snapshots etc. using dmeventd or progress polling...
         Starting Monitoring of LVM2 mirrors... dmeventd or progress polling...
[    4.586391] systemd[1]: Starting Load Kernel Modules...
         Starting Load Kernel Modules...
[    4.589095] systemd[1]: Mounting Debug File System...
         Mounting Debug File System...
[    4.593458] systemd[1]: Starting File System Check on Root Device...
         Starting File System Check on Root Device...
[    4.598433] systemd[1]: Starting Journal Service...
         Starting Journal Service...
[    4.606966] systemd[1]: Starting Nameserver information manager...
         Starting Nameserver information manager...
[    4.614286] Loading iSCSI transport class v2.0-870.
[    4.615805] systemd[1]: Mounting POSIX Message Queue File System...
         Mounting POSIX Message Queue File System...
[    4.619285] systemd[1]: Starting Set console keymap...
         Starting Set console keymap...
[    4.625076] systemd[1]: Mounted POSIX Message Queue File System.
[[0;32m  OK  [0m] Mounted POSIX Message Queue File System.
[    4.626998] systemd[1]: Mounted Huge Pages File System.
[[0;32m  OK  [0m] Mounted Huge Pages File System.
[    4.642722] systemd[1]: Mounted Debug File System.
[[0;32m  OK  [0m] Mounted Debug File System.
[    4.649863] systemd[1]: Started Uncomplicated firewall.
[[0;32m  OK  [0m] Started Uncomplicated firewall.
[    4.654813] systemd[1]: Started Create list of required static device nodes for the current kernel.
[[0;32m  OK  [0m] Started Create list of required sta...ce nodes for the current kernel.
[    4.661338] systemd[1]: Started LVM2 metadata daemon.
[[0;32m  OK  [0m] Started LVM2 metadata daemon.
[    4.669146] iscsi: registered transport (tcp)
[    4.671014] systemd[1]: Started File System Check Daemon to report status.
[[0;32m  OK  [0m] Started File System Check Daemon to report status.
[    4.675422] systemd[1]: Starting Create Static Device Nodes in /dev...
         Starting Create Static Device Nodes in /dev...
[    4.681757] systemd[1]: Started Nameserver information manager.
[[0;32m  OK  [0m] Started Nameserver information manager.
[    4.706325] random: nonblocking pool is initialized
[    4.718019] systemd[1]: Started File System Check on Root Device.
[[0;32m  OK  [0m] Started File System Check on Root Device.
[    4.720483] systemd[1]: Starting Remount Root and Kernel File Systems...
         Starting Remount Root and Kernel File Systems...
[    4.729015] EXT4-fs (sda1): re-mounted. Opts: (null)
[    4.731172] systemd[1]: Started Remount Root and Kernel File Systems.
[[0;32m  OK  [0m] Started Remount Root and Kernel File Systems.
[    4.733695] systemd[1]: Starting Load/Save Random Seed...
         Starting Load/Save Random Seed...
[    4.739410] systemd[1]: Starting udev Coldplug all Devices...
         Starting udev Coldplug all Devices...
[    4.748897] systemd[1]: Started Create Static Device Nodes in /dev.
[[0;32m  OK  [0m] Started Create Static Device Nodes in /dev.
[    4.751246] systemd[1]: Started Load/Save Random Seed.
[[0;32m  OK  [0m] Started Load/Save Random Seed.
[    4.760694] systemd[1]: Starting udev Kernel Device Manager...
         Starting udev Kernel Device Manager...
[    4.781053] systemd[1]: Started Journal Service.
[[0;32m  OK  [0m] Started Journal Service.
         Starting Flush Journal to Persistent Storage...
[    4.794487] systemd-journald[386]: Received request to flush runtime journal from PID 1
[[0;32m  OK  [0m] Started Flush Journal to Persistent Storage.
[[0;32m  OK  [0m] Started udev Kernel Device Manager.
[    4.813187] iscsi: registered transport (iser)
[[0;32m  OK  [0m] Started Load Kernel Modules.
         Mounting FUSE Control File System...
         Starting Apply Kernel Variables...
[[0;32m  OK  [0m] Mounted FUSE Control File System.
[[0;32m  OK  [0m] Started Apply Kernel Variables.
[[0;32m  OK  [0m] Started udev Coldplug all Devices.
[[0;32m  OK  [0m] Started Set console keymap.
[[0;32m  OK  [0m] Started Dispatch Password Requests to Console Directory Watch.
[[0;32m  OK  [0m] Started Monitoring of LVM2 mirrors,...ng dmeventd or progress polling.
[[0;32m  OK  [0m] Reached target Local File Systems (Pre).
[[0;32m  OK  [0m] Reached target Local File Systems.
         Starting Tell Plymouth To Write Out Runtime Data...
         Starting Initial cloud-init job (pre-networking)...
         Starting Set console font and keymap...
         Starting Create Volatile Files and Directories...
         Starting Commit a transient machine-id on disk...
         Starting LSB: AppArmor initialization...
[[0;32m  OK  [0m] Started Tell Plymouth To Write Out Runtime Data.
[[0;32m  OK  [0m] Started Commit a transient machine-id on disk.
[[0;32m  OK  [0m] Started Create Volatile Files and Directories.
         Starting Update UTMP about System Boot/Shutdown...
[[0;32m  OK  [0m] Started Update UTMP about System Boot/Shutdown.
[[0;32m  OK  [0m] Found device /dev/ttyS0.
[[0;32m  OK  [0m] Listening on Load/Save RF Kill Switch Status /dev/rfkill Watch.
[    6.536705] cloud-init[499]: Cloud-init v. 21.1-19-gbad84ad4-0ubuntu1~16.04.2 running 'init-local' at Thu, 19 Aug 2021 18:55:07 +0000. Up 6.00 seconds.
[[0;32m  OK  [0m] Started Initial cloud-init job (pre-networking).
[[0;32m  OK  [0m] Reached target Network (Pre).
[[0;32m  OK  [0m] Started Set console font and keymap.
[[0;32m  OK  [0m] Created slice system-getty.slice.
[[0;32m  OK  [0m] Started LSB: AppArmor initialization.
         Starting Load AppArmor profiles managed internally by snapd...
         Starting Raise network interfaces...
[[0;32m  OK  [0m] Started Load AppArmor profiles managed internally by snapd.
[[0;32m  OK  [0m] Started Raise network interfaces.
         Starting Initial cloud-init job (metadata service crawler)...
[[0;32m  OK  [0m] Reached target Network.
[    8.053919] cloud-init[970]: Cloud-init v. 21.1-19-gbad84ad4-0ubuntu1~16.04.2 running 'init' at Thu, 19 Aug 2021 18:55:09 +0000. Up 7.55 seconds.
[    8.055534] cloud-init[970]: ci-info: ++++++++++++++++++++++++++++++++++++++Net device info+++++++++++++++++++++++++++++++++++++++
[    8.060927] cloud-init[970]: ci-info: +--------+-------+----------------------------+---------------+--------+-------------------+
[    8.062471] cloud-init[970]: ci-info: | Device |   Up  |          Address           |      Mask     | Scope  |     Hw-Address    |
[    8.063947] cloud-init[970]: ci-info: +--------+-------+----------------------------+---------------+--------+-------------------+
[    8.070215] cloud-init[970]: ci-info: | enp0s3 |  True |         10.0.2.15          | 255.255.255.0 | global | 02:a0:46:b5:71:eb |
[    8.071696] cloud-init[970]: ci-info: | enp0s3 |  True | fe80::a0:46ff:feb5:71eb/64 |       .       |  link  | 02:a0:46:b5:71:eb |
[    8.076578] cloud-init[970]: ci-info: | enp0s8 | False |             .              |       .       |   .    | 08:00:27:f5:89:77 |
[    8.078162] cloud-init[970]: ci-info: |   lo   |  True |         127.0.0.1          |   255.0.0.0   |  host  |         .         |
[    8.080995] cloud-init[970]: ci-info: |   lo   |  True |          ::1/128           |       .       |  host  |         .         |
[    8.084967] cloud-init[970]: ci-info: +--------+-------+----------------------------+---------------+--------+-------------------+
[    8.086560] cloud-init[970]: ci-info: +++++++++++++++++++++++++++Route IPv4 info++++++++++++++++++++++++++++
[    8.088821] cloud-init[970]: ci-info: +-------+-------------+----------+---------------+-----------+-------+
[    8.092810] cloud-init[970]: ci-info: | Route | Destination | Gateway  |    Genmask    | Interface | Flags |
[    8.096720] cloud-init[970]: ci-info: +-------+-------------+----------+---------------+-----------+-------+
[    8.098046] cloud-init[970]: ci-info: |   0   |   0.0.0.0   | 10.0.2.2 |    0.0.0.0    |   enp0s3  |   UG  |
[    8.100521] cloud-init[970]: ci-info: |   1   |   10.0.2.0  | 0.0.0.0  | 255.255.255.0 |   enp0s3  |   U   |
[    8.104513] cloud-init[970]: ci-info: +-------+-------------+----------+---------------+-----------+-------+
[    8.105917] cloud-init[970]: ci-info: +++++++++++++++++++Route IPv6 info+++++++++++++++++++
[    8.108359] cloud-init[970]: ci-info: +-------+-------------+---------+-----------+-------+
[    8.112338] cloud-init[970]: ci-info: | Route | Destination | Gateway | Interface | Flags |
[    8.113566] cloud-init[970]: ci-info: +-------+-------------+---------+-----------+-------+
[    8.116214] cloud-init[970]: ci-info: |   0   |  fe80::/64  |    ::   |   enp0s3  |   U   |
[    8.121213] cloud-init[970]: ci-info: |   3   |   ff00::/8  |    ::   |   enp0s3  |   U   |
[    8.122433] cloud-init[970]: ci-info: +-------+-------------+---------+-----------+-------+
[    8.123674] cloud-init[970]: Generating public/private rsa key pair.
[    8.127334] cloud-init[970]: Your identification has been saved in /etc/ssh/ssh_host_rsa_key.
[    8.128715] cloud-init[970]: Your public key has been saved in /etc/ssh/ssh_host_rsa_key.pub.
[[0;32m  OK  [0m] Started Initial cloud-init job (metadata service crawler).
[[0;32m  OK  [0m] Reached target Network is Online.
         Starting iSCSI initiator daemon (iscsid)...
[    8.133545] cloud-init[970]: The key fingerprint is:
[[0;32m  OK  [0m] Reached target System Initialization.
[    8.135232] cloud-init[970]: SHA256:LFpjqD9wTE1Vt/dTz85/Ao7uLGwVMA8xI02UcB/IE0o root@ubuntu-xenial[[0;32m  OK  [0m] Started Daily Cleanup of Temporary Directories.
[[0;32m  OK  [0m] Listening on D-Bus System Message Bus Socket.
[[0;32m  OK  [0m] Listening on ACPID Listen Socket.
[[0;32m  OK  [0m] Started Daily apt download activities.
[    8.140760] cloud-init[970]: The key's randomart image is:
[    8.143320] cloud-init[970]: +---[RSA 2048]----+
         Starting Socket activation for snappy daemon.
[[0;32m  OK  [0m] Started Ubuntu Advantage update messaging.

[    8.146788] cloud-init[970]: |      EBX*o .    |         Starting LXD - unix socket.

[    8.149938] cloud-init[970]: |     ..+X+ o .   |
[[0;32m  OK  [0m] Started ACPI Events Check.
[    8.151858] [[0;32m  OK  [0m] Reached target Paths.
[[0;32m  OK  [0m] Listening on UUID daemon activation socket.
[[0;32m  OK  [0m] Started Daily apt upgrade and clean activities.
[[0;32m  OK  [0m] Started Message of the Day.
[[0;32m  OK  [0m] Reached target Timers.
[[0;32m  OK  [0m] Reached target Cloud-config availability.
cloud-init[970]: |     o.  *. . . .|
[    8.156703] cloud-init[970]: |    ....  o  . oo|
[    8.157965] cloud-init[970]: |   o. = S  .   .+|
[    8.158772] cloud-init[970]: |  ..o+ o  . .  o.|
[    8.159626] cloud-init[970]: |  .o.  . . o .  o|
[    8.160851] cloud-init[970]: |   ..   +.. . . o|
[[0;32m  OK  [0m] Listening on Socket activation for snappy daemon.
[    8.162931] cloud-init[970]: |    .. . ++    .o|
[    8.164478] cloud-init[970]: +----[SHA256]-----+
[    8.165661] cloud-init[970]: Generating public/private dsa key pair.
[[0;32m  OK  [0m] Listening on LXD - unix socket.
[    8.170301] cloud-init[970]: Your identification has been saved in /etc/ssh/ssh_host_dsa_key.[[0;32m  OK  [0m] Started iSCSI initiator daemon (iscsid).
         Starting Login to default iSCSI targets...
[[0;32m  OK  [0m] Reached target Sockets.
[[0;32m  OK  [0m] Reached target Basic System.
         
[    8.177015] cloud-init[970]: Your public key has been saved in /etc/ssh/ssh_host_dsa_key.pub.
[    8.178076] cloud-init[970]: The key fingerprint is:
[    8.178716] cloud-init[970]: SHA256:xxrcl8YBXijDvWYXUPVzW70CtoxwtGPW2CcA/vwUhY8 root@ubuntu-xenial
[    8.179779] cloud-init[970]: Starting /etc/rc.local Compatibility...
[[0;32m  OK  [0m] Started D-Bus System Message Bus.
The key's randomart image is:
[    8.184317] cloud-init[970]: +---[DSA 1024]----+
[    8.186093] cloud-init[970]: |       o.+o++o.  |
[    8.188858] cloud-init[970]: |      . =.O+o  ..|
[    8.190607] cloud-init[970]: |       o X.O+o .=|
[    8.191443] cloud-init[970]: |       .BoOEB+  *|
[    8.192406] cloud-init[970]: |        S*+==. o |
[    8.193282] cloud-init[970]: |         +oo  .  |
[    8.195039] cloud-init[970]: |        .  .     |
[    8.195979] cloud-init[970]: |                 |
[    8.197123] cloud-init[970]: |                 |
[    8.198425] cloud-init[970]: +----[SHA256]-----+
[    8.199565] cloud-init[970]: Generating public/private ecdsa key pair.
[    8.201464] cloud-init[970]: Your identification has been saved in /etc/ssh/ssh_host_ecdsa_key.
[    8.203320] cloud-init[970]: Your public key has been saved in /etc/ssh/ssh_host_ecdsa_key.pub.
[    8.204652] cloud-init[970]: The key fingerprint is:
[    8.205905] cloud-init[970]: SHA256:rASOhyIutrVJuMF+BO0L7oTAURXDi1T4GM10XxI0EaM root@ubuntu-xenial
[    8.207377] cloud-init[970]: The key's randomart image is:
[[0;32m  OK  [0m] Started FUSE filesystem for LXC.
         Starting LXD - container startup/shutdown...
[    8.212869] cloud-init[970]: +---[ECDSA 256]---+         Starting Pollinate to seed the pseudo random number generator...
         Starting Login Service...

[    8.217486] cloud-init[970]: |   .O*...O+.     |
[    8.221359] cloud-init[970]: |  .+ +o o =      |
[[0;32m  OK  [0m] Started ACPI event daemon.
         Starting System Logging Service...
         Starting LSB: Record successful boot for GRUB...
         Starting Accounts Service...
         Starting Virtualbox guest utils...
         Starting Snap Daemon...
[[0;32m  OK  [0m] Started Regular background program processing daemon.
         Starting LSB: MD monitoring daemon...
[[0;32m  OK  [0m] Started Deferred execution scheduler.
[[0;32m  OK  [0m] Started /etc/rc.local Compatibility.
[[0;32m  OK  [0m] Started Login Service.
[[0;32m  OK  [0m] Started Unattended Upgrades Shutdown.
[    8.294401] cloud-init[970]: | .o * .E .       |
[[0;32m  OK  [0m] Started Login to default iSCSI targets.
[    8.314783] cloud-init[970]: |...B + .         |
[[0;32m  OK  [0m] Reached target Remote File Systems (Pre).
[[0;32m  OK  [0m] Reached target Remote File Systems.
         Starting LSB: Set the CPU Frequency Scaling governor to "ondemand"...
         Starting LSB: automatic crash report generation...
         Starting LSB: daemon to balance interrupts for SMP systems...
[    8.324991] cloud-init         Starting Permit User Sessions...
[[0;32m  OK  [0m] Started Permit User Sessions.
         Starting Terminate Plymouth Boot Screen...
         Starting Hold until boot process finishes up...
[[0;32m  OK  [0m] Started Hold until boot process finishes up.
         Starting Set console scheme...
[[0;32m  OK  [0m] Started Serial Getty on ttyS0.
[[0;32m  OK  [0m] Started Getty on tty1.
[[0;32m  OK  [0m] Reached target Login Prompts.
[[0;32m  OK  [0m] Started Terminate Plymouth Boot Screen.
[[0;32m  OK  [0m] Started System Logging Service.
[[0;32m  OK  [0m] Started Set console scheme.
[970]: |+.= o . S        |
[    8.392420] cloud-init[970]: |*o.+ . .         |
[    8.412661] cloud-init[970]: |+Boo. .          |
[    8.421214] cloud-init[970]: |=.*oo            |
         Starting Authenticate and Authorize Users to Run Privileged Tasks...
[[0;32m  OK  [0m] Started LSB: Record successful boot for GRUB.
[[0;32m  OK  [0m] Started LSB: Set the CPU Frequency Scaling governor to "ondemand".
[    8.452588] cloud-init[970]: |.=.o             |
[    8.457014] cloud-init[970]: +----[SHA256]-----+
[[0;32m  OK  [0m] Started LSB: MD monitoring daemon.
[    8.467932] [[0;32m  OK  [0m] Started LSB: daemon to balance interrupts for SMP systems.
cloud-init[970]: Generating public/private ed25519 key pair.
[[0;32m  OK  [0m] Started Authenticate and Authorize Users to Run Privileged Tasks.
[[0;32m  OK  [0m] Started Accounts Service.
[    8.486763] cloud-init[970]: Your identification has been saved in /etc/ssh/ssh_host_ed25519_key.
[[0;32m  OK  [0m] Started LSB: automatic crash report generation.
[    8.496764] cloud-init[970]: Your public key has been saved in /etc/ssh/ssh_host_ed25519_key.pub.
[    8.508207] cloud-init[970]: The key fingerprint is:
[    8.515657] cloud-init[970]: SHA256:tx5f7fqYJnRCCPBEJl1lZDFYQsn5K/Q6ezA0U+v7Mhk root@ubuntu-xenial
[    8.522045] cloud-init[970]: The key's randomart image is:
[    8.526915] cloud-init[970]: +--[ED25519 256]--+
[    8.529802] cloud-init[970]: |      o++++BO.   |
[    8.534641] cloud-init[970]: |       =o =+..   |
[    8.542316] cloud-init[970]: |        .. + .   |
[    8.544107] cloud-init[970]: |          * +    |
[    8.546620] cloud-init[970]: |        So.* .   |
[    8.560373] cloud-init[970]: |         .+.E .. |
[    8.561279] cloud-init[970]: |          o* *. .|
[    8.562660] cloud-init[970]: |         .ooB..+ |
[    8.567118] cloud-init[970]: |          o+.*=oo|
[    8.568385] cloud-init[970]: +----[SHA256]-----+
[[0;32m  OK  [0m] Started Virtualbox guest utils.
[[0;32m  OK  [0m] Started LXD - container startup/shutdown.
[[0;32m  OK  [0m] Started Snap Daemon.
         Starting Wait until snapd is fully seeded...
[[0;32m  OK  [0m] Started Pollinate to seed the pseudo random number generator.
         Starting OpenBSD Secure Shell server...
[[0;32m  OK  [0m] Started OpenBSD Secure Shell server.
[[0;32m  OK  [0m] Created slice User Slice of vagrant.
         Starting User Manager for UID 1000...
[[0;32m  OK  [0m] Started Session 1 of user vagrant.
[[0;32m  OK  [0m] Started User Manager for UID 1000.
[[0;32m  OK  [0m] Started Wait until snapd is fully seeded.
         Starting Apply the settings specified in cloud-config...
[[0;32m  OK  [0m] Reached target Multi-User System.
[[0;32m  OK  [0m] Reached target Graphical Interface.
         Starting Update UTMP about System Runlevel Changes...
[[0;32m  OK  [0m] Started Update UTMP about System Runlevel Changes.
[   13.086681] cloud-init[1385]: Generating locales (this might take a while)...
[   14.310423] cloud-init[1385]:   en_US.UTF-8... done
[   14.311910] cloud-init[1385]: Generation complete.

Ubuntu 16.04.7 LTS ubuntu-xenial ttyS0

ubuntu-xenial login: [   14.734307] cloud-init[1385]: Cloud-init v. 21.1-19-gbad84ad4-0ubuntu1~16.04.2 running 'modules:config' at Thu, 19 Aug 2021 18:55:14 +0000. Up 12.90 seconds.
ci-info: no authorized SSH keys fingerprints found for user ubuntu.
<14>Aug 19 18:55:17 ec2: 
<14>Aug 19 18:55:17 ec2: #############################################################
<14>Aug 19 18:55:17 ec2: -----BEGIN SSH HOST KEY FINGERPRINTS-----
<14>Aug 19 18:55:17 ec2: 1024 SHA256:xxrcl8YBXijDvWYXUPVzW70CtoxwtGPW2CcA/vwUhY8 root@ubuntu-xenial (DSA)
<14>Aug 19 18:55:17 ec2: 256 SHA256:rASOhyIutrVJuMF+BO0L7oTAURXDi1T4GM10XxI0EaM root@ubuntu-xenial (ECDSA)
<14>Aug 19 18:55:17 ec2: 256 SHA256:tx5f7fqYJnRCCPBEJl1lZDFYQsn5K/Q6ezA0U+v7Mhk root@ubuntu-xenial (ED25519)
<14>Aug 19 18:55:17 ec2: 2048 SHA256:LFpjqD9wTE1Vt/dTz85/Ao7uLGwVMA8xI02UcB/IE0o root@ubuntu-xenial (RSA)
<14>Aug 19 18:55:17 ec2: -----END SSH HOST KEY FINGERPRINTS-----
<14>Aug 19 18:55:17 ec2: #############################################################
-----BEGIN SSH HOST KEY KEYS-----
ecdsa-sha2-nistp256 AAAAE2VjZHNhLXNoYTItbmlzdHAyNTYAAAAIbmlzdHAyNTYAAABBBN2Xx2K5LuIG2D+Eif9ZsHxl+rYuOPpkQQM6RBKxbA0nYiIAcu67+4fbLQynkmKM+/3zK+uOnQYEl4hUbaXXBUY= root@ubuntu-xenial
ssh-ed25519 AAAAC3NzaC1lZDI1NTE5AAAAIJoz1LxduMsEo2PIvdrZ44J45W4pxGjx/CTmWDkJppI7 root@ubuntu-xenial
ssh-rsa AAAAB3NzaC1yc2EAAAADAQABAAABAQCnhBjtb7ypLaQ3it098lNyUXRpSSdVHN1faFwUjXoC44r3SwRP4J06iwTd2Fkd26kSxN5yYCxUBEjTP0ZclkN8FI+g8axasC3N4EybwDpqC7GQxt8DPMw3edz0lvRJfUu8VysYMlynlglLz/0DZpIsQ2FD7SmFyxXvcpjgaEL+njen1CzV8PQi3KIFPEUEm1WXzMSCrXkVYgrNnwJvb5y3Il5CxYvQwXHNwrDWMYY2yrdPBgxzApyyFjIUxZDAyWRdcjzCsBrT79FLjOp1RmIC3sw7jSeXPsJwY7PY9Tl9FhjBMauR196DFrJR4pFzsUmuzMFGSbTlMVSKAmRVeIcF root@ubuntu-xenial
-----END SSH HOST KEY KEYS-----
[   15.264022] cloud-init[1563]: Cloud-init v. 21.1-19-gbad84ad4-0ubuntu1~16.04.2 running 'modules:final' at Thu, 19 Aug 2021 18:55:16 +0000. Up 15.11 seconds.
[   15.265981] cloud-init[1563]: ci-info: no authorized SSH keys fingerprints found for user ubuntu.
[   15.267054] cloud-init[1563]: Cloud-init v. 21.1-19-gbad84ad4-0ubuntu1~16.04.2 finished at Thu, 19 Aug 2021 18:55:17 +0000. Datasource DataSourceNoCloud [seed=/dev/sdb][dsmode=net].  Up 15.25 seconds
